Archive member included to satisfy reference by file (symbol)

../../libopencm3/lib/libopencm3_stm32f1.a(gpio.o)
                              src/bootloader.o (gpio_set_mode)
../../libopencm3/lib/libopencm3_stm32f1.a(gpio_common_all.o)
                              src/bootloader.o (gpio_set)
../../libopencm3/lib/libopencm3_stm32f1.a(rcc.o)
                              ../shared/src/core/system.o (rcc_clock_setup_pll)
../../libopencm3/lib/libopencm3_stm32f1.a(rcc_common_all.o)
                              src/bootloader.o (rcc_periph_clock_enable)
../../libopencm3/lib/libopencm3_stm32f1.a(usart_common_all.o)
                              ../shared/src/core/uart.o (usart_set_baudrate)
../../libopencm3/lib/libopencm3_stm32f1.a(usart_common_f124.o)
                              ../../libopencm3/lib/libopencm3_stm32f1.a(usart_common_all.o) (usart_send)
../../libopencm3/lib/libopencm3_stm32f1.a(vector.o)
                              (reset_handler)
../../libopencm3/lib/libopencm3_stm32f1.a(systick.o)
                              ../shared/src/core/system.o (systick_set_frequency)
../../libopencm3/lib/libopencm3_stm32f1.a(nvic.o)
                              ../shared/src/core/uart.o (nvic_enable_irq)
../../libopencm3/lib/libopencm3_stm32f1.a(assert.o)
                              ../../libopencm3/lib/libopencm3_stm32f1.a(rcc.o) (cm3_assert_failed)
../../libopencm3/lib/libopencm3_stm32f1.a(flash_common_all.o)
                              ../../libopencm3/lib/libopencm3_stm32f1.a(rcc.o) (flash_set_ws)

Discarded input sections

 .group         0x0000000000000000        0xc src/bootloader.o
 .group         0x0000000000000000        0xc src/bootloader.o
 .group         0x0000000000000000        0xc src/bootloader.o
 .group         0x0000000000000000        0xc src/bootloader.o
 .group         0x0000000000000000        0xc src/bootloader.o
 .group         0x0000000000000000        0xc src/bootloader.o
 .group         0x0000000000000000        0xc src/bootloader.o
 .group         0x0000000000000000        0xc src/bootloader.o
 .group         0x0000000000000000        0xc src/bootloader.o
 .group         0x0000000000000000        0xc src/bootloader.o
 .group         0x0000000000000000        0xc src/bootloader.o
 .group         0x0000000000000000        0xc src/bootloader.o
 .group         0x0000000000000000        0xc src/bootloader.o
 .group         0x0000000000000000        0xc src/bootloader.o
 .group         0x0000000000000000        0xc src/bootloader.o
 .group         0x0000000000000000        0xc src/bootloader.o
 .group         0x0000000000000000        0xc src/bootloader.o
 .group         0x0000000000000000        0xc src/bootloader.o
 .group         0x0000000000000000        0xc src/bootloader.o
 .group         0x0000000000000000        0xc src/bootloader.o
 .group         0x0000000000000000        0xc src/bootloader.o
 .group         0x0000000000000000        0xc src/bootloader.o
 .group         0x0000000000000000        0xc src/bootloader.o
 .group         0x0000000000000000        0xc src/bootloader.o
 .group         0x0000000000000000        0xc src/bootloader.o
 .group         0x0000000000000000        0xc src/bootloader.o
 .group         0x0000000000000000        0xc src/bootloader.o
 .group         0x0000000000000000        0xc src/bootloader.o
 .group         0x0000000000000000        0xc src/bootloader.o
 .group         0x0000000000000000        0xc src/bootloader.o
 .group         0x0000000000000000        0xc src/bootloader.o
 .group         0x0000000000000000        0xc src/bootloader.o
 .group         0x0000000000000000        0xc src/bootloader.o
 .text          0x0000000000000000        0x0 src/bootloader.o
 .data          0x0000000000000000        0x0 src/bootloader.o
 .bss           0x0000000000000000        0x0 src/bootloader.o
 .group         0x0000000000000000        0xc ../shared/src/core/system.o
 .group         0x0000000000000000        0xc ../shared/src/core/system.o
 .group         0x0000000000000000        0xc ../shared/src/core/system.o
 .group         0x0000000000000000        0xc ../shared/src/core/system.o
 .group         0x0000000000000000        0xc ../shared/src/core/system.o
 .group         0x0000000000000000        0xc ../shared/src/core/system.o
 .group         0x0000000000000000        0xc ../shared/src/core/system.o
 .group         0x0000000000000000        0xc ../shared/src/core/system.o
 .group         0x0000000000000000        0xc ../shared/src/core/system.o
 .group         0x0000000000000000        0xc ../shared/src/core/system.o
 .group         0x0000000000000000        0xc ../shared/src/core/system.o
 .group         0x0000000000000000        0xc ../shared/src/core/system.o
 .group         0x0000000000000000        0xc ../shared/src/core/system.o
 .group         0x0000000000000000        0xc ../shared/src/core/system.o
 .group         0x0000000000000000        0xc ../shared/src/core/system.o
[...]
Memory Configuration

Name             Origin             Length             Attributes
ram              0x0000000020000000 0x0000000000005000 xrw
rom              0x0000000008000000 0x0000000000006000 xr
*default*        0x0000000000000000 0xffffffffffffffff

Linker script and memory map

LOAD src/bootloader.o
LOAD ../shared/src/core/system.o
LOAD ../shared/src/core/uart.o
LOAD ../shared/src/core/ring_buffer.o
LOAD ../../libopencm3/lib/libopencm3_stm32f1.a
START GROUP
LOAD /usr/lib/gcc/arm-none-eabi/10.3.1/../../../arm-none-eabi/lib/thumb/v7-m/nofp/libc.a
LOAD /usr/lib/gcc/arm-none-eabi/10.3.1/thumb/v7-m/nofp/libgcc.a
LOAD /usr/lib/gcc/arm-none-eabi/10.3.1/../../../arm-none-eabi/lib/thumb/v7-m/nofp/libnosys.a
END GROUP
START GROUP
LOAD /usr/lib/gcc/arm-none-eabi/10.3.1/thumb/v7-m/nofp/libgcc.a
LOAD /usr/lib/gcc/arm-none-eabi/10.3.1/../../../arm-none-eabi/lib/thumb/v7-m/nofp/libg.a
LOAD /usr/lib/gcc/arm-none-eabi/10.3.1/../../../arm-none-eabi/lib/thumb/v7-m/nofp/libc.a
END GROUP

.text           0x0000000008000000      0x910
 *(.vectors)
 .vectors       0x0000000008000000      0x150 ../../libopencm3/lib/libopencm3_stm32f1.a(vector.o)
                0x0000000008000000                vector_table
 *(.text*)
 .text.startup.main
                0x0000000008000150       0xcc src/bootloader.o
                0x0000000008000150                main
 .text.sys_tick_handler
                0x000000000800021c       0x18 ../shared/src/core/system.o
                0x000000000800021c                sys_tick_handler
 .text.system_get_ticks
                0x0000000008000234        0xc ../shared/src/core/system.o
                0x0000000008000234                system_get_ticks
 .text.system_setup
                0x0000000008000240       0x28 ../shared/src/core/system.o
                0x0000000008000240                system_setup
 .text.usart2_isr
                0x0000000008000268       0x34 ../shared/src/core/uart.o
                0x0000000008000268                usart2_isr
 .text.uart_setup
                0x000000000800029c       0x6c ../shared/src/core/uart.o
                0x000000000800029c                uart_setup
 .text.uart_write_byte
                0x0000000008000308        0xc ../shared/src/core/uart.o
                0x0000000008000308                uart_write_byte
 .text.uart_write
                0x0000000008000314       0x16 ../shared/src/core/uart.o
                0x0000000008000314                uart_write
 .text.ring_buffer_setup
                0x000000000800032a        0xe ../shared/src/core/ring_buffer.o
                0x000000000800032a                ring_buffer_setup
 .text.ring_buffer_write
                0x0000000008000338       0x1e ../shared/src/core/ring_buffer.o
                0x0000000008000338                ring_buffer_write
 .text.gpio_set_mode
                0x0000000008000356       0x5e ../../libopencm3/lib/libopencm3_stm32f1.a(gpio.o)
                0x0000000008000356                gpio_set_mode
 .text.gpio_set
                0x00000000080003b4        0x4 ../../libopencm3/lib/libopencm3_stm32f1.a(gpio_common_all.o)
                0x00000000080003b4                gpio_set
 .text.gpio_clear
                0x00000000080003b8        0x6 ../../libopencm3/lib/libopencm3_stm32f1.a(gpio_common_all.o)
                0x00000000080003b8                gpio_clear
 *fill*         0x00000000080003be        0x2 
 .text.rcc_is_osc_ready
                0x00000000080003c0       0x58 ../../libopencm3/lib/libopencm3_stm32f1.a(rcc.o)
                0x00000000080003c0                rcc_is_osc_ready
 .text.rcc_wait_for_osc_ready
                0x0000000008000418       0x10 ../../libopencm3/lib/libopencm3_stm32f1.a(rcc.o)
                0x0000000008000418                rcc_wait_for_osc_ready
 .text.rcc_osc_on
                0x0000000008000428       0x60 ../../libopencm3/lib/libopencm3_stm32f1.a(rcc.o)
                0x0000000008000428                rcc_osc_on
 .text.rcc_set_sysclk_source
                0x0000000008000488       0x14 ../../libopencm3/lib/libopencm3_stm32f1.a(rcc.o)
                0x0000000008000488                rcc_set_sysclk_source
 .text.rcc_set_pll_multiplication_factor
                0x000000000800049c       0x14 ../../libopencm3/lib/libopencm3_stm32f1.a(rcc.o)
                0x000000000800049c                rcc_set_pll_multiplication_factor
 .text.rcc_set_pll2_multiplication_factor
                0x00000000080004b0       0x14 ../../libopencm3/lib/libopencm3_stm32f1.a(rcc.o)
                0x00000000080004b0                rcc_set_pll2_multiplication_factor
 .text.rcc_set_pll3_multiplication_factor
                0x00000000080004c4       0x14 ../../libopencm3/lib/libopencm3_stm32f1.a(rcc.o)
                0x00000000080004c4                rcc_set_pll3_multiplication_factor
 .text.rcc_set_pll_source
                0x00000000080004d8       0x14 ../../libopencm3/lib/libopencm3_stm32f1.a(rcc.o)
                0x00000000080004d8                rcc_set_pll_source
 .text.rcc_set_pllxtpre
                0x00000000080004ec       0x14 ../../libopencm3/lib/libopencm3_stm32f1.a(rcc.o)
                0x00000000080004ec                rcc_set_pllxtpre
 .text.rcc_set_adcpre
                0x0000000008000500       0x14 ../../libopencm3/lib/libopencm3_stm32f1.a(rcc.o)
                0x0000000008000500                rcc_set_adcpre
 .text.rcc_set_ppre2
                0x0000000008000514       0x14 ../../libopencm3/lib/libopencm3_stm32f1.a(rcc.o)
                0x0000000008000514                rcc_set_ppre2
 .text.rcc_set_ppre1
                0x0000000008000528       0x14 ../../libopencm3/lib/libopencm3_stm32f1.a(rcc.o)
                0x0000000008000528                rcc_set_ppre1
 .text.rcc_set_hpre
                0x000000000800053c       0x14 ../../libopencm3/lib/libopencm3_stm32f1.a(rcc.o)
                0x000000000800053c                rcc_set_hpre
 .text.rcc_set_usbpre
                0x0000000008000550       0x18 ../../libopencm3/lib/libopencm3_stm32f1.a(rcc.o)
                0x0000000008000550                rcc_set_usbpre
 .text.rcc_set_prediv1
                0x0000000008000568       0x14 ../../libopencm3/lib/libopencm3_stm32f1.a(rcc.o)
                0x0000000008000568                rcc_set_prediv1
 .text.rcc_set_prediv2
                0x000000000800057c       0x14 ../../libopencm3/lib/libopencm3_stm32f1.a(rcc.o)
                0x000000000800057c                rcc_set_prediv2
 .text.rcc_set_prediv1_source
                0x0000000008000590       0x18 ../../libopencm3/lib/libopencm3_stm32f1.a(rcc.o)
                0x0000000008000590                rcc_set_prediv1_source
 .text.rcc_clock_setup_pll
                0x00000000080005a8       0xbc ../../libopencm3/lib/libopencm3_stm32f1.a(rcc.o)
                0x00000000080005a8                rcc_clock_setup_pll
 .text.rcc_get_usart_clk_freq
                0x0000000008000664       0x1c ../../libopencm3/lib/libopencm3_stm32f1.a(rcc.o)
                0x0000000008000664                rcc_get_usart_clk_freq
 .text.rcc_periph_clock_enable
                0x0000000008000680       0x1c ../../libopencm3/lib/libopencm3_stm32f1.a(rcc_common_all.o)
                0x0000000008000680                rcc_periph_clock_enable
 .text.usart_set_baudrate
                0x000000000800069c       0x16 ../../libopencm3/lib/libopencm3_stm32f1.a(usart_common_all.o)
                0x000000000800069c                usart_set_baudrate
 .text.usart_set_databits
                0x00000000080006b2       0x12 ../../libopencm3/lib/libopencm3_stm32f1.a(usart_common_all.o)
                0x00000000080006b2                usart_set_databits
 .text.usart_set_stopbits
                0x00000000080006c4        0xc ../../libopencm3/lib/libopencm3_stm32f1.a(usart_common_all.o)
                0x00000000080006c4                usart_set_stopbits
 .text.usart_set_parity
                0x00000000080006d0        0xc ../../libopencm3/lib/libopencm3_stm32f1.a(usart_common_all.o)
                0x00000000080006d0                usart_set_parity
 .text.usart_set_mode
                0x00000000080006dc        0xc ../../libopencm3/lib/libopencm3_stm32f1.a(usart_common_all.o)
                0x00000000080006dc                usart_set_mode
 .text.usart_set_flow_control
                0x00000000080006e8        0xc ../../libopencm3/lib/libopencm3_stm32f1.a(usart_common_all.o)
                0x00000000080006e8                usart_set_flow_control
 .text.usart_enable
                0x00000000080006f4        0xa ../../libopencm3/lib/libopencm3_stm32f1.a(usart_common_all.o)
                0x00000000080006f4                usart_enable
 .text.usart_send_blocking
                0x00000000080006fe       0x16 ../../libopencm3/lib/libopencm3_stm32f1.a(usart_common_all.o)
                0x00000000080006fe                usart_send_blocking
 .text.usart_enable_rx_interrupt
                0x0000000008000714        0xa ../../libopencm3/lib/libopencm3_stm32f1.a(usart_common_all.o)
                0x0000000008000714                usart_enable_rx_interrupt
 .text.usart_send
                0x000000000800071e        0x8 ../../libopencm3/lib/libopencm3_stm32f1.a(usart_common_f124.o)
                0x000000000800071e                usart_send
 .text.usart_recv
                0x0000000008000726        0x8 ../../libopencm3/lib/libopencm3_stm32f1.a(usart_common_f124.o)
                0x0000000008000726                usart_recv
 .text.usart_wait_send_ready
                0x000000000800072e        0x8 ../../libopencm3/lib/libopencm3_stm32f1.a(usart_common_f124.o)
                0x000000000800072e                usart_wait_send_ready
 .text.usart_get_flag
                0x0000000008000736        0xc ../../libopencm3/lib/libopencm3_stm32f1.a(usart_common_f124.o)
                0x0000000008000736                usart_get_flag
 .text.blocking_handler
                0x0000000008000742        0x2 ../../libopencm3/lib/libopencm3_stm32f1.a(vector.o)
                0x0000000008000742                usart3_isr
                0x0000000008000742                rtc_isr
                0x0000000008000742                tim7_isr
                0x0000000008000742                adc1_2_isr
                0x0000000008000742                tim1_trg_com_isr
                0x0000000008000742                usb_hp_can_tx_isr
                0x0000000008000742                tim6_isr
                0x0000000008000742                usb_wakeup_isr
                0x0000000008000742                blocking_handler
                0x0000000008000742                tim5_isr
                0x0000000008000742                otg_fs_isr
                0x0000000008000742                spi1_isr
                0x0000000008000742                exti2_isr
                0x0000000008000742                dma1_channel6_isr
                0x0000000008000742                can_rx1_isr
                0x0000000008000742                dma1_channel5_isr
                0x0000000008000742                dma2_channel5_isr
                0x0000000008000742                usart1_isr
                0x0000000008000742                usage_fault_handler
                0x0000000008000742                tim8_trg_com_isr
                0x0000000008000742                can2_rx0_isr
                0x0000000008000742                tim1_brk_isr
                0x0000000008000742                can2_rx1_isr
                0x0000000008000742                tim1_cc_isr
                0x0000000008000742                sdio_isr
                0x0000000008000742                eth_isr
                0x0000000008000742                dma1_channel4_isr
                0x0000000008000742                tim8_brk_isr
                0x0000000008000742                dma2_channel4_5_isr
                0x0000000008000742                pvd_isr
                0x0000000008000742                rcc_isr
                0x0000000008000742                flash_isr
                0x0000000008000742                uart4_isr
                0x0000000008000742                rtc_alarm_isr
                0x0000000008000742                exti15_10_isr
                0x0000000008000742                hard_fault_handler
                0x0000000008000742                exti1_isr
                0x0000000008000742                i2c1_ev_isr
                0x0000000008000742                dma2_channel1_isr
                0x0000000008000742                spi2_isr
                0x0000000008000742                tim8_up_isr
                0x0000000008000742                dma2_channel2_isr
                0x0000000008000742                exti3_isr
                0x0000000008000742                adc3_isr
                0x0000000008000742                tim3_isr
                0x0000000008000742                usb_lp_can_rx0_isr
                0x0000000008000742                i2c2_er_isr
                0x0000000008000742                i2c2_ev_isr
                0x0000000008000742                uart5_isr
                0x0000000008000742                fsmc_isr
                0x0000000008000742                dma1_channel1_isr
                0x0000000008000742                exti4_isr
                0x0000000008000742                mem_manage_handler
                0x0000000008000742                can2_tx_isr
                0x0000000008000742                exti9_5_isr
                0x0000000008000742                dma2_channel3_isr
                0x0000000008000742                dma1_channel7_isr
                0x0000000008000742                tim1_up_isr
                0x0000000008000742                can2_sce_isr
                0x0000000008000742                tim4_isr
                0x0000000008000742                dma1_channel2_isr
                0x0000000008000742                i2c1_er_isr
                0x0000000008000742                can_sce_isr
                0x0000000008000742                tim8_cc_isr
                0x0000000008000742                tamper_isr
                0x0000000008000742                eth_wkup_isr
                0x0000000008000742                bus_fault_handler
                0x0000000008000742                wwdg_isr
                0x0000000008000742                dma1_channel3_isr
                0x0000000008000742                spi3_isr
                0x0000000008000742                tim2_isr
                0x0000000008000742                exti0_isr
 .text.null_handler
                0x0000000008000744        0x2 ../../libopencm3/lib/libopencm3_stm32f1.a(vector.o)
                0x0000000008000744                null_handler
                0x0000000008000744                sv_call_handler
                0x0000000008000744                pend_sv_handler
                0x0000000008000744                debug_monitor_handler
                0x0000000008000744                nmi_handler
 *fill*         0x0000000008000746        0x2 
 .text.reset_handler
                0x0000000008000748       0x94 ../../libopencm3/lib/libopencm3_stm32f1.a(vector.o)
                0x0000000008000748                reset_handler
 .text.systick_set_clocksource
                0x00000000080007dc       0x14 ../../libopencm3/lib/libopencm3_stm32f1.a(systick.o)
                0x00000000080007dc                systick_set_clocksource
 .text.systick_set_frequency
                0x00000000080007f0       0x38 ../../libopencm3/lib/libopencm3_stm32f1.a(systick.o)
                0x00000000080007f0                systick_set_frequency
 .text.systick_interrupt_enable
                0x0000000008000828        0xe ../../libopencm3/lib/libopencm3_stm32f1.a(systick.o)
                0x0000000008000828                systick_interrupt_enable
 .text.systick_counter_enable
                0x0000000008000836        0xe ../../libopencm3/lib/libopencm3_stm32f1.a(systick.o)
                0x0000000008000836                systick_counter_enable
 .text.nvic_enable_irq
                0x0000000008000844       0x1a ../../libopencm3/lib/libopencm3_stm32f1.a(nvic.o)
                0x0000000008000844                nvic_enable_irq
 *fill*         0x000000000800085e        0x2 
 .text.flash_set_ws
                0x0000000008000860       0x14 ../../libopencm3/lib/libopencm3_stm32f1.a(flash_common_all.o)
                0x0000000008000860                flash_set_ws
                0x0000000008000874                . = ALIGN (0x4)
 *(.rodata*)
 .rodata.main.str1.1
                0x0000000008000874        0xd src/bootloader.o
 *fill*         0x0000000008000881        0x3 
 .rodata.rcc_hse_configs
                0x0000000008000884       0x8c ../../libopencm3/lib/libopencm3_stm32f1.a(rcc.o)
                0x0000000008000884                rcc_hse_configs
                0x0000000008000910                . = ALIGN (0x4)

.glue_7         0x0000000008000910        0x0
 .glue_7        0x0000000008000910        0x0 linker stubs

.glue_7t        0x0000000008000910        0x0
 .glue_7t       0x0000000008000910        0x0 linker stubs

.vfp11_veneer   0x0000000008000910        0x0
 .vfp11_veneer  0x0000000008000910        0x0 linker stubs

.v4_bx          0x0000000008000910        0x0
 .v4_bx         0x0000000008000910        0x0 linker stubs

.iplt           0x0000000008000910        0x0
 .iplt          0x0000000008000910        0x0 src/bootloader.o

.rel.dyn        0x0000000008000910        0x0
 .rel.iplt      0x0000000008000910        0x0 src/bootloader.o

.preinit_array  0x0000000008000910        0x0
                0x0000000008000910                . = ALIGN (0x4)
                0x0000000008000910                __preinit_array_start = .
 *(.preinit_array)
                0x0000000008000910                __preinit_array_end = .

.init_array     0x0000000008000910        0x0
                0x0000000008000910                . = ALIGN (0x4)
                0x0000000008000910                __init_array_start = .
 *(SORT_BY_NAME(.init_array.*))
 *(.init_array)
                0x0000000008000910                __init_array_end = .

.fini_array     0x0000000008000910        0x0
                0x0000000008000910                . = ALIGN (0x4)
                0x0000000008000910                __fini_array_start = .
 *(.fini_array)
 *(SORT_BY_NAME(.fini_array.*))
                0x0000000008000910                __fini_array_end = .

.ARM.extab
 *(.ARM.extab*)

.ARM.exidx      0x0000000008000910        0x0
                0x0000000008000910                __exidx_start = .
 *(.ARM.exidx*)
                0x0000000008000910                __exidx_end = .
                0x0000000008000910                . = ALIGN (0x4)
                0x0000000008000910                _etext = .

.noinit
 *(.noinit*)
                0x0000000008000910                . = ALIGN (0x4)

.data           0x0000000020000000        0xc load address 0x0000000008000910
                0x0000000020000000                _data = .
 *(.data*)
 .data.rcc_ahb_frequency
                0x0000000020000000        0x4 ../../libopencm3/lib/libopencm3_stm32f1.a(rcc.o)
                0x0000000020000000                rcc_ahb_frequency
 .data.rcc_apb1_frequency
                0x0000000020000004        0x4 ../../libopencm3/lib/libopencm3_stm32f1.a(rcc.o)
                0x0000000020000004                rcc_apb1_frequency
 .data.rcc_apb2_frequency
                0x0000000020000008        0x4 ../../libopencm3/lib/libopencm3_stm32f1.a(rcc.o)
                0x0000000020000008                rcc_apb2_frequency
 *(.ramtext*)
                0x000000002000000c                . = ALIGN (0x4)
                0x000000002000000c                _edata = .
                0x0000000008000910                _data_loadaddr = LOADADDR (.data)

.igot.plt       0x000000002000000c        0x0 load address 0x000000000800091c
 .igot.plt      0x000000002000000c        0x0 src/bootloader.o

.bss            0x0000000020000010       0x98 load address 0x000000000800091c
 *(.bss*)
 .bss.ms_ticks  0x0000000020000010        0x8 ../shared/src/core/system.o
 .bss.data_buffer
                0x0000000020000018       0x80 ../shared/src/core/uart.o
 .bss.rb        0x0000000020000098       0x10 ../shared/src/core/uart.o
 *(COMMON)
                0x00000000200000a8                . = ALIGN (0x4)
                0x00000000200000a8                _ebss = .

/DISCARD/
 *(.eh_frame)
                0x00000000200000a8                . = ALIGN (0x4)
                0x00000000200000a8                end = .
                0x0000000020005000                PROVIDE (_stack = (ORIGIN (ram) + LENGTH (ram)))
OUTPUT(bootloader.elf elf32-littlearm)
LOAD linker stubs

.debug_info     0x0000000000000000     0x42ac
 .debug_info    0x0000000000000000      0x589 src/bootloader.o
 .debug_info    0x0000000000000589      0x399 ../shared/src/core/system.o
 .debug_info    0x0000000000000922      0x74b ../shared/src/core/uart.o
 .debug_info    0x000000000000106d      0x24c ../shared/src/core/ring_buffer.o
 .debug_info    0x00000000000012b9      0x1ec ../../libopencm3/lib/libopencm3_stm32f1.a(gpio.o)
 .debug_info    0x00000000000014a5      0x24e ../../libopencm3/lib/libopencm3_stm32f1.a(gpio_common_all.o)
 .debug_info    0x00000000000016f3     0x155c ../../libopencm3/lib/libopencm3_stm32f1.a(rcc.o)
 .debug_info    0x0000000000002c4f      0x619 ../../libopencm3/lib/libopencm3_stm32f1.a(rcc_common_all.o)
 .debug_info    0x0000000000003268      0x66e ../../libopencm3/lib/libopencm3_stm32f1.a(usart_common_all.o)
 .debug_info    0x00000000000038d6      0x186 ../../libopencm3/lib/libopencm3_stm32f1.a(usart_common_f124.o)
 .debug_info    0x0000000000003a5c      0x2d1 ../../libopencm3/lib/libopencm3_stm32f1.a(vector.o)
 .debug_info    0x0000000000003d2d      0x268 ../../libopencm3/lib/libopencm3_stm32f1.a(systick.o)
 .debug_info    0x0000000000003f95      0x22d ../../libopencm3/lib/libopencm3_stm32f1.a(nvic.o)
 .debug_info    0x00000000000041c2       0xea ../../libopencm3/lib/libopencm3_stm32f1.a(flash_common_all.o)

.debug_abbrev   0x0000000000000000     0x121c
 .debug_abbrev  0x0000000000000000      0x1a7 src/bootloader.o
 .debug_abbrev  0x00000000000001a7      0x1e7 ../shared/src/core/system.o
 .debug_abbrev  0x000000000000038e      0x196 ../shared/src/core/uart.o
 .debug_abbrev  0x0000000000000524      0x10c ../shared/src/core/ring_buffer.o
 .debug_abbrev  0x0000000000000630       0xd0 ../../libopencm3/lib/libopencm3_stm32f1.a(gpio.o)
 .debug_abbrev  0x0000000000000700      0x116 ../../libopencm3/lib/libopencm3_stm32f1.a(gpio_common_all.o)
 .debug_abbrev  0x0000000000000816      0x282 ../../libopencm3/lib/libopencm3_stm32f1.a(rcc.o)
 .debug_abbrev  0x0000000000000a98      0x17c ../../libopencm3/lib/libopencm3_stm32f1.a(rcc_common_all.o)
 .debug_abbrev  0x0000000000000c14      0x16d ../../libopencm3/lib/libopencm3_stm32f1.a(usart_common_all.o)
 .debug_abbrev  0x0000000000000d81       0xb5 ../../libopencm3/lib/libopencm3_stm32f1.a(usart_common_f124.o)
 .debug_abbrev  0x0000000000000e36      0x145 ../../libopencm3/lib/libopencm3_stm32f1.a(vector.o)
 .debug_abbrev  0x0000000000000f7b      0x155 ../../libopencm3/lib/libopencm3_stm32f1.a(systick.o)
 .debug_abbrev  0x00000000000010d0       0xb5 ../../libopencm3/lib/libopencm3_stm32f1.a(nvic.o)
 .debug_abbrev  0x0000000000001185       0x97 ../../libopencm3/lib/libopencm3_stm32f1.a(flash_common_all.o)

.debug_loc      0x0000000000000000     0x1117
 .debug_loc     0x0000000000000000      0x10f src/bootloader.o
 .debug_loc     0x000000000000010f       0x1a ../shared/src/core/system.o
 .debug_loc     0x0000000000000129      0x16a ../shared/src/core/uart.o
 .debug_loc     0x0000000000000293      0x129 ../shared/src/core/ring_buffer.o
 .debug_loc     0x00000000000003bc      0x14c ../../libopencm3/lib/libopencm3_stm32f1.a(gpio.o)
 .debug_loc     0x0000000000000508       0xbe ../../libopencm3/lib/libopencm3_stm32f1.a(gpio_common_all.o)
 .debug_loc     0x00000000000005c6      0x3d0 ../../libopencm3/lib/libopencm3_stm32f1.a(rcc.o)
 .debug_loc     0x0000000000000996       0x94 ../../libopencm3/lib/libopencm3_stm32f1.a(rcc_common_all.o)
 .debug_loc     0x0000000000000a2a      0x238 ../../libopencm3/lib/libopencm3_stm32f1.a(usart_common_all.o)
 .debug_loc     0x0000000000000c62       0x99 ../../libopencm3/lib/libopencm3_stm32f1.a(usart_common_f124.o)
 .debug_loc     0x0000000000000cfb      0x128 ../../libopencm3/lib/libopencm3_stm32f1.a(vector.o)
 .debug_loc     0x0000000000000e23      0x192 ../../libopencm3/lib/libopencm3_stm32f1.a(systick.o)
 .debug_loc     0x0000000000000fb5      0x14d ../../libopencm3/lib/libopencm3_stm32f1.a(nvic.o)
 .debug_loc     0x0000000000001102       0x15 ../../libopencm3/lib/libopencm3_stm32f1.a(flash_common_all.o)

.debug_aranges  0x0000000000000000      0x5a8
 .debug_aranges
                0x0000000000000000       0x20 src/bootloader.o
 .debug_aranges
                0x0000000000000020       0x38 ../shared/src/core/system.o
 .debug_aranges
                0x0000000000000058       0x50 ../shared/src/core/uart.o
 .debug_aranges
                0x00000000000000a8       0x38 ../shared/src/core/ring_buffer.o
 .debug_aranges
                0x00000000000000e0       0x38 ../../libopencm3/lib/libopencm3_stm32f1.a(gpio.o)
 .debug_aranges
                0x0000000000000118       0x50 ../../libopencm3/lib/libopencm3_stm32f1.a(gpio_common_all.o)
 .debug_aranges
                0x0000000000000168      0x170 ../../libopencm3/lib/libopencm3_stm32f1.a(rcc.o)
 .debug_aranges
                0x00000000000002d8       0x60 ../../libopencm3/lib/libopencm3_stm32f1.a(rcc_common_all.o)
 .debug_aranges
                0x0000000000000338       0xf0 ../../libopencm3/lib/libopencm3_stm32f1.a(usart_common_all.o)
 .debug_aranges
                0x0000000000000428       0x40 ../../libopencm3/lib/libopencm3_stm32f1.a(usart_common_f124.o)
 .debug_aranges
                0x0000000000000468       0x30 ../../libopencm3/lib/libopencm3_stm32f1.a(vector.o)
 .debug_aranges
                0x0000000000000498       0x78 ../../libopencm3/lib/libopencm3_stm32f1.a(systick.o)
 .debug_aranges
                0x0000000000000510       0x60 ../../libopencm3/lib/libopencm3_stm32f1.a(nvic.o)
 .debug_aranges
                0x0000000000000570       0x38 ../../libopencm3/lib/libopencm3_stm32f1.a(flash_common_all.o)

.debug_ranges   0x0000000000000000      0x620
 .debug_ranges  0x0000000000000000       0x28 src/bootloader.o
 .debug_ranges  0x0000000000000028       0x88 ../shared/src/core/system.o
 .debug_ranges  0x00000000000000b0       0x60 ../shared/src/core/uart.o
 .debug_ranges  0x0000000000000110       0x28 ../shared/src/core/ring_buffer.o
 .debug_ranges  0x0000000000000138       0x28 ../../libopencm3/lib/libopencm3_stm32f1.a(gpio.o)
 .debug_ranges  0x0000000000000160       0x40 ../../libopencm3/lib/libopencm3_stm32f1.a(gpio_common_all.o)
 .debug_ranges  0x00000000000001a0      0x208 ../../libopencm3/lib/libopencm3_stm32f1.a(rcc.o)
 .debug_ranges  0x00000000000003a8       0x50 ../../libopencm3/lib/libopencm3_stm32f1.a(rcc_common_all.o)
 .debug_ranges  0x00000000000003f8       0xe0 ../../libopencm3/lib/libopencm3_stm32f1.a(usart_common_all.o)
 .debug_ranges  0x00000000000004d8       0x30 ../../libopencm3/lib/libopencm3_stm32f1.a(usart_common_f124.o)
 .debug_ranges  0x0000000000000508       0x20 ../../libopencm3/lib/libopencm3_stm32f1.a(vector.o)
 .debug_ranges  0x0000000000000528       0x80 ../../libopencm3/lib/libopencm3_stm32f1.a(systick.o)
 .debug_ranges  0x00000000000005a8       0x50 ../../libopencm3/lib/libopencm3_stm32f1.a(nvic.o)
 .debug_ranges  0x00000000000005f8       0x28 ../../libopencm3/lib/libopencm3_stm32f1.a(flash_common_all.o)

.debug_macro    0x0000000000000000     0x5160
 .debug_macro   0x0000000000000000      0x1e1 src/bootloader.o
 .debug_macro   0x00000000000001e1      0xa60 src/bootloader.o
 .debug_macro   0x0000000000000c41       0x22 src/bootloader.o
 .debug_macro   0x0000000000000c63       0x52 src/bootloader.o
 .debug_macro   0x0000000000000cb5       0x18 src/bootloader.o
 .debug_macro   0x0000000000000ccd       0x5c src/bootloader.o
 .debug_macro   0x0000000000000d29       0x35 src/bootloader.o
 .debug_macro   0x0000000000000d5e       0x34 src/bootloader.o
 .debug_macro   0x0000000000000d92       0x16 src/bootloader.o
 .debug_macro   0x0000000000000da8       0x57 src/bootloader.o
 .debug_macro   0x0000000000000dff       0x97 src/bootloader.o
 .debug_macro   0x0000000000000e96      0x356 src/bootloader.o
 .debug_macro   0x00000000000011ec       0xf6 src/bootloader.o
 .debug_macro   0x00000000000012e2       0x10 src/bootloader.o
 .debug_macro   0x00000000000012f2       0x16 src/bootloader.o
 .debug_macro   0x0000000000001308       0x43 src/bootloader.o
 .debug_macro   0x000000000000134b       0x34 src/bootloader.o
 .debug_macro   0x000000000000137f       0x10 src/bootloader.o
 .debug_macro   0x000000000000138f       0x52 src/bootloader.o
 .debug_macro   0x00000000000013e1      0x182 src/bootloader.o
 .debug_macro   0x0000000000001563       0x10 src/bootloader.o
 .debug_macro   0x0000000000001573       0x6a src/bootloader.o
 .debug_macro   0x00000000000015dd       0xb2 src/bootloader.o
 .debug_macro   0x000000000000168f       0x16 src/bootloader.o
 .debug_macro   0x00000000000016a5      0x129 src/bootloader.o
 .debug_macro   0x00000000000017ce      0x34e src/bootloader.o
 .debug_macro   0x0000000000001b1c       0x22 src/bootloader.o
 .debug_macro   0x0000000000001b3e      0x100 src/bootloader.o
 .debug_macro   0x0000000000001c3e       0x76 src/bootloader.o
 .debug_macro   0x0000000000001cb4      0x1b4 src/bootloader.o
 .debug_macro   0x0000000000001e68      0x8c6 src/bootloader.o
 .debug_macro   0x000000000000272e       0x76 src/bootloader.o
 .debug_macro   0x00000000000027a4      0xe2e src/bootloader.o
 .debug_macro   0x00000000000035d2       0x16 src/bootloader.o
 .debug_macro   0x00000000000035e8      0x1cb ../shared/src/core/system.o
 .debug_macro   0x00000000000037b3       0x10 ../shared/src/core/system.o
 .debug_macro   0x00000000000037c3       0x69 ../shared/src/core/system.o
 .debug_macro   0x000000000000382c       0x6e ../shared/src/core/system.o
 .debug_macro   0x000000000000389a      0x1a2 ../shared/src/core/system.o
 .debug_macro   0x0000000000003a3c      0x1ba ../shared/src/core/system.o
 .debug_macro   0x0000000000003bf6      0x1f4 ../shared/src/core/uart.o
 .debug_macro   0x0000000000003dea       0x1c ../shared/src/core/uart.o
 .debug_macro   0x0000000000003e06       0xe8 ../shared/src/core/uart.o
 .debug_macro   0x0000000000003eee       0x68 ../shared/src/core/uart.o
 .debug_macro   0x0000000000003f56       0x94 ../shared/src/core/uart.o
 .debug_macro   0x0000000000003fea      0x29e ../shared/src/core/uart.o
 .debug_macro   0x0000000000004288      0x14f ../shared/src/core/ring_buffer.o
 .debug_macro   0x00000000000043d7       0x6f ../../libopencm3/lib/libopencm3_stm32f1.a(gpio.o)
 .debug_macro   0x0000000000004446       0x6f ../../libopencm3/lib/libopencm3_stm32f1.a(gpio_common_all.o)
 .debug_macro   0x00000000000044b5       0x9e ../../libopencm3/lib/libopencm3_stm32f1.a(rcc.o)
 .debug_macro   0x0000000000004553       0x16 ../../libopencm3/lib/libopencm3_stm32f1.a(rcc.o)
 .debug_macro   0x0000000000004569       0xee ../../libopencm3/lib/libopencm3_stm32f1.a(rcc.o)
 .debug_macro   0x0000000000004657       0x82 ../../libopencm3/lib/libopencm3_stm32f1.a(rcc.o)
 .debug_macro   0x00000000000046d9       0x85 ../../libopencm3/lib/libopencm3_stm32f1.a(rcc_common_all.o)
 .debug_macro   0x000000000000475e       0x91 ../../libopencm3/lib/libopencm3_stm32f1.a(usart_common_all.o)
 .debug_macro   0x00000000000047ef       0x91 ../../libopencm3/lib/libopencm3_stm32f1.a(usart_common_f124.o)
 .debug_macro   0x0000000000004880       0x86 ../../libopencm3/lib/libopencm3_stm32f1.a(vector.o)
 .debug_macro   0x0000000000004906      0x395 ../../libopencm3/lib/libopencm3_stm32f1.a(vector.o)
 .debug_macro   0x0000000000004c9b       0x49 ../../libopencm3/lib/libopencm3_stm32f1.a(systick.o)
 .debug_macro   0x0000000000004ce4       0x6a ../../libopencm3/lib/libopencm3_stm32f1.a(nvic.o)
 .debug_macro   0x0000000000004d4e      0x39b ../../libopencm3/lib/libopencm3_stm32f1.a(nvic.o)
 .debug_macro   0x00000000000050e9       0x77 ../../libopencm3/lib/libopencm3_stm32f1.a(flash_common_all.o)

.debug_line     0x0000000000000000     0x3690
 .debug_line    0x0000000000000000      0x44b src/bootloader.o
 .debug_line    0x000000000000044b      0x450 ../shared/src/core/system.o
 .debug_line    0x000000000000089b      0x527 ../shared/src/core/uart.o
 .debug_line    0x0000000000000dc2      0x2e6 ../shared/src/core/ring_buffer.o
 .debug_line    0x00000000000010a8      0x271 ../../libopencm3/lib/libopencm3_stm32f1.a(gpio.o)
 .debug_line    0x0000000000001319      0x27b ../../libopencm3/lib/libopencm3_stm32f1.a(gpio_common_all.o)
 .debug_line    0x0000000000001594      0xc2d ../../libopencm3/lib/libopencm3_stm32f1.a(rcc.o)
 .debug_line    0x00000000000021c1      0x2da ../../libopencm3/lib/libopencm3_stm32f1.a(rcc_common_all.o)
 .debug_line    0x000000000000249b      0x545 ../../libopencm3/lib/libopencm3_stm32f1.a(usart_common_all.o)
 .debug_line    0x00000000000029e0      0x270 ../../libopencm3/lib/libopencm3_stm32f1.a(usart_common_f124.o)
 .debug_line    0x0000000000002c50      0x306 ../../libopencm3/lib/libopencm3_stm32f1.a(vector.o)
 .debug_line    0x0000000000002f56      0x271 ../../libopencm3/lib/libopencm3_stm32f1.a(systick.o)
 .debug_line    0x00000000000031c7      0x29d ../../libopencm3/lib/libopencm3_stm32f1.a(nvic.o)
 .debug_line    0x0000000000003464      0x22c ../../libopencm3/lib/libopencm3_stm32f1.a(flash_common_all.o)

.debug_str      0x0000000000000000    0x12efb
 .debug_str     0x0000000000000000     0xddad src/bootloader.o
                                       0xe018 (size before relaxing)
 .debug_str     0x000000000000ddad      0xc21 ../shared/src/core/system.o
                                       0xb0b8 (size before relaxing)
 .debug_str     0x000000000000e9ce     0x1178 ../shared/src/core/uart.o
                                       0xc08f (size before relaxing)
 .debug_str     0x000000000000fb46       0x55 ../shared/src/core/ring_buffer.o
                                       0x6d92 (size before relaxing)
 .debug_str     0x000000000000fb9b      0x184 ../../libopencm3/lib/libopencm3_stm32f1.a(gpio.o)
                                       0x8162 (size before relaxing)
 .debug_str     0x000000000000fd1f       0x6c ../../libopencm3/lib/libopencm3_stm32f1.a(gpio_common_all.o)
                                       0x8160 (size before relaxing)
 .debug_str     0x000000000000fd8b      0xd43 ../../libopencm3/lib/libopencm3_stm32f1.a(rcc.o)
                                       0x7dc2 (size before relaxing)
 .debug_str     0x0000000000010ace      0x379 ../../libopencm3/lib/libopencm3_stm32f1.a(rcc_common_all.o)
                                       0x74c5 (size before relaxing)
 .debug_str     0x0000000000010e47      0x21b ../../libopencm3/lib/libopencm3_stm32f1.a(usart_common_all.o)
                                       0x8118 (size before relaxing)
 .debug_str     0x0000000000011062       0x1e ../../libopencm3/lib/libopencm3_stm32f1.a(usart_common_f124.o)
                                       0x7e84 (size before relaxing)
 .debug_str     0x0000000000011080     0x1c81 ../../libopencm3/lib/libopencm3_stm32f1.a(vector.o)
                                       0x61b1 (size before relaxing)
 .debug_str     0x0000000000012d01       0xd2 ../../libopencm3/lib/libopencm3_stm32f1.a(systick.o)
                                       0x4082 (size before relaxing)
 .debug_str     0x0000000000012dd3       0xc4 ../../libopencm3/lib/libopencm3_stm32f1.a(nvic.o)
                                       0x577e (size before relaxing)
 .debug_str     0x0000000000012e97       0x64 ../../libopencm3/lib/libopencm3_stm32f1.a(flash_common_all.o)
                                       0x50b0 (size before relaxing)

.comment        0x0000000000000000       0x33
 .comment       0x0000000000000000       0x33 src/bootloader.o
                                         0x34 (size before relaxing)
 .comment       0x0000000000000033       0x34 ../shared/src/core/system.o
 .comment       0x0000000000000033       0x34 ../shared/src/core/uart.o
 .comment       0x0000000000000033       0x34 ../shared/src/core/ring_buffer.o
 .comment       0x0000000000000033       0x34 ../../libopencm3/lib/libopencm3_stm32f1.a(gpio.o)
 .comment       0x0000000000000033       0x34 ../../libopencm3/lib/libopencm3_stm32f1.a(gpio_common_all.o)
 .comment       0x0000000000000033       0x34 ../../libopencm3/lib/libopencm3_stm32f1.a(rcc.o)
 .comment       0x0000000000000033       0x34 ../../libopencm3/lib/libopencm3_stm32f1.a(rcc_common_all.o)
 .comment       0x0000000000000033       0x34 ../../libopencm3/lib/libopencm3_stm32f1.a(usart_common_all.o)
 .comment       0x0000000000000033       0x34 ../../libopencm3/lib/libopencm3_stm32f1.a(usart_common_f124.o)
 .comment       0x0000000000000033       0x34 ../../libopencm3/lib/libopencm3_stm32f1.a(vector.o)
 .comment       0x0000000000000033       0x34 ../../libopencm3/lib/libopencm3_stm32f1.a(systick.o)
 .comment       0x0000000000000033       0x34 ../../libopencm3/lib/libopencm3_stm32f1.a(nvic.o)
 .comment       0x0000000000000033       0x34 ../../libopencm3/lib/libopencm3_stm32f1.a(flash_common_all.o)

.ARM.attributes
                0x0000000000000000       0x2d
 .ARM.attributes
                0x0000000000000000       0x2d src/bootloader.o
 .ARM.attributes
                0x000000000000002d       0x2d ../shared/src/core/system.o
 .ARM.attributes
                0x000000000000005a       0x2d ../shared/src/core/uart.o
 .ARM.attributes
                0x0000000000000087       0x2d ../shared/src/core/ring_buffer.o
 .ARM.attributes
                0x00000000000000b4       0x2d ../../libopencm3/lib/libopencm3_stm32f1.a(gpio.o)
 .ARM.attributes
                0x00000000000000e1       0x2d ../../libopencm3/lib/libopencm3_stm32f1.a(gpio_common_all.o)
 .ARM.attributes
                0x000000000000010e       0x2d ../../libopencm3/lib/libopencm3_stm32f1.a(rcc.o)
 .ARM.attributes
                0x000000000000013b       0x2d ../../libopencm3/lib/libopencm3_stm32f1.a(rcc_common_all.o)
 .ARM.attributes
                0x0000000000000168       0x2d ../../libopencm3/lib/libopencm3_stm32f1.a(usart_common_all.o)
 .ARM.attributes
                0x0000000000000195       0x2d ../../libopencm3/lib/libopencm3_stm32f1.a(usart_common_f124.o)
 .ARM.attributes
                0x00000000000001c2       0x2d ../../libopencm3/lib/libopencm3_stm32f1.a(vector.o)
 .ARM.attributes
                0x00000000000001ef       0x2d ../../libopencm3/lib/libopencm3_stm32f1.a(systick.o)
 .ARM.attributes
                0x000000000000021c       0x2d ../../libopencm3/lib/libopencm3_stm32f1.a(nvic.o)
 .ARM.attributes
                0x0000000000000249       0x2d ../../libopencm3/lib/libopencm3_stm32f1.a(flash_common_all.o)

.debug_frame    0x0000000000000000      0xafc
 .debug_frame   0x0000000000000000       0x30 src/bootloader.o
 .debug_frame   0x0000000000000030       0x74 ../shared/src/core/system.o
 .debug_frame   0x00000000000000a4       0xc8 ../shared/src/core/uart.o
 .debug_frame   0x000000000000016c       0x58 ../shared/src/core/ring_buffer.o
 .debug_frame   0x00000000000001c4       0x60 ../../libopencm3/lib/libopencm3_stm32f1.a(gpio.o)
 .debug_frame   0x0000000000000224       0x80 ../../libopencm3/lib/libopencm3_stm32f1.a(gpio_common_all.o)
 .debug_frame   0x00000000000002a4      0x318 ../../libopencm3/lib/libopencm3_stm32f1.a(rcc.o)
 .debug_frame   0x00000000000005bc       0xe0 ../../libopencm3/lib/libopencm3_stm32f1.a(rcc_common_all.o)
 .debug_frame   0x000000000000069c      0x1ec ../../libopencm3/lib/libopencm3_stm32f1.a(usart_common_all.o)
 .debug_frame   0x0000000000000888       0x60 ../../libopencm3/lib/libopencm3_stm32f1.a(usart_common_f124.o)
 .debug_frame   0x00000000000008e8       0x4c ../../libopencm3/lib/libopencm3_stm32f1.a(vector.o)
 .debug_frame   0x0000000000000934       0xd8 ../../libopencm3/lib/libopencm3_stm32f1.a(systick.o)
 .debug_frame   0x0000000000000a0c       0xa0 ../../libopencm3/lib/libopencm3_stm32f1.a(nvic.o)
 .debug_frame   0x0000000000000aac       0x50 ../../libopencm3/lib/libopencm3_stm32f1.a(flash_common_all.o)

Cross Reference Table

Symbol                                            File
__fini_array_end                                  ../../libopencm3/lib/libopencm3_stm32f1.a(vector.o)
__fini_array_start                                ../../libopencm3/lib/libopencm3_stm32f1.a(vector.o)
__init_array_end                                  ../../libopencm3/lib/libopencm3_stm32f1.a(vector.o)
__init_array_start                                ../../libopencm3/lib/libopencm3_stm32f1.a(vector.o)
__preinit_array_end                               ../../libopencm3/lib/libopencm3_stm32f1.a(vector.o)
__preinit_array_start                             ../../libopencm3/lib/libopencm3_stm32f1.a(vector.o)
_data                                             ../../libopencm3/lib/libopencm3_stm32f1.a(vector.o)
_data_loadaddr                                    ../../libopencm3/lib/libopencm3_stm32f1.a(vector.o)
_ebss                                             ../../libopencm3/lib/libopencm3_stm32f1.a(vector.o)
_edata                                            ../../libopencm3/lib/libopencm3_stm32f1.a(vector.o)
_stack                                            ../../libopencm3/lib/libopencm3_stm32f1.a(vector.o)
adc1_2_isr                                        ../../libopencm3/lib/libopencm3_stm32f1.a(vector.o)
adc3_isr                                          ../../libopencm3/lib/libopencm3_stm32f1.a(vector.o)
blocking_handler                                  ../../libopencm3/lib/libopencm3_stm32f1.a(vector.o)
bus_fault_handler                                 ../../libopencm3/lib/libopencm3_stm32f1.a(vector.o)
can2_rx0_isr                                      ../../libopencm3/lib/libopencm3_stm32f1.a(vector.o)
can2_rx1_isr                                      ../../libopencm3/lib/libopencm3_stm32f1.a(vector.o)
can2_sce_isr                                      ../../libopencm3/lib/libopencm3_stm32f1.a(vector.o)
can2_tx_isr                                       ../../libopencm3/lib/libopencm3_stm32f1.a(vector.o)
can_rx1_isr                                       ../../libopencm3/lib/libopencm3_stm32f1.a(vector.o)
can_sce_isr                                       ../../libopencm3/lib/libopencm3_stm32f1.a(vector.o)
cm3_assert_failed                                 ../../libopencm3/lib/libopencm3_stm32f1.a(assert.o)
                                                  ../../libopencm3/lib/libopencm3_stm32f1.a(rcc.o)
cm3_assert_failed_verbose                         ../../libopencm3/lib/libopencm3_stm32f1.a(assert.o)
debug_monitor_handler                             ../../libopencm3/lib/libopencm3_stm32f1.a(vector.o)
dma1_channel1_isr                                 ../../libopencm3/lib/libopencm3_stm32f1.a(vector.o)
dma1_channel2_isr                                 ../../libopencm3/lib/libopencm3_stm32f1.a(vector.o)
dma1_channel3_isr                                 ../../libopencm3/lib/libopencm3_stm32f1.a(vector.o)
dma1_channel4_isr                                 ../../libopencm3/lib/libopencm3_stm32f1.a(vector.o)
dma1_channel5_isr                                 ../../libopencm3/lib/libopencm3_stm32f1.a(vector.o)
dma1_channel6_isr                                 ../../libopencm3/lib/libopencm3_stm32f1.a(vector.o)
dma1_channel7_isr                                 ../../libopencm3/lib/libopencm3_stm32f1.a(vector.o)
dma2_channel1_isr                                 ../../libopencm3/lib/libopencm3_stm32f1.a(vector.o)
dma2_channel2_isr                                 ../../libopencm3/lib/libopencm3_stm32f1.a(vector.o)
dma2_channel3_isr                                 ../../libopencm3/lib/libopencm3_stm32f1.a(vector.o)
dma2_channel4_5_isr                               ../../libopencm3/lib/libopencm3_stm32f1.a(vector.o)
dma2_channel5_isr                                 ../../libopencm3/lib/libopencm3_stm32f1.a(vector.o)
eth_isr                                           ../../libopencm3/lib/libopencm3_stm32f1.a(vector.o)
eth_wkup_isr                                      ../../libopencm3/lib/libopencm3_stm32f1.a(vector.o)
exti0_isr                                         ../../libopencm3/lib/libopencm3_stm32f1.a(vector.o)
exti15_10_isr                                     ../../libopencm3/lib/libopencm3_stm32f1.a(vector.o)
exti1_isr                                         ../../libopencm3/lib/libopencm3_stm32f1.a(vector.o)
exti2_isr                                         ../../libopencm3/lib/libopencm3_stm32f1.a(vector.o)
exti3_isr                                         ../../libopencm3/lib/libopencm3_stm32f1.a(vector.o)
exti4_isr                                         ../../libopencm3/lib/libopencm3_stm32f1.a(vector.o)
exti9_5_isr                                       ../../libopencm3/lib/libopencm3_stm32f1.a(vector.o)
flash_isr                                         ../../libopencm3/lib/libopencm3_stm32f1.a(vector.o)
flash_prefetch_disable                            ../../libopencm3/lib/libopencm3_stm32f1.a(flash_common_all.o)
flash_prefetch_enable                             ../../libopencm3/lib/libopencm3_stm32f1.a(flash_common_all.o)
flash_set_ws                                      ../../libopencm3/lib/libopencm3_stm32f1.a(flash_common_all.o)
                                                  ../../libopencm3/lib/libopencm3_stm32f1.a(rcc.o)
flash_unlock_option_bytes                         ../../libopencm3/lib/libopencm3_stm32f1.a(flash_common_all.o)
fsmc_isr                                          ../../libopencm3/lib/libopencm3_stm32f1.a(vector.o)
gpio_clear                                        ../../libopencm3/lib/libopencm3_stm32f1.a(gpio_common_all.o)
                                                  src/bootloader.o
gpio_get                                          ../../libopencm3/lib/libopencm3_stm32f1.a(gpio_common_all.o)
gpio_port_config_lock                             ../../libopencm3/lib/libopencm3_stm32f1.a(gpio_common_all.o)
gpio_port_read                                    ../../libopencm3/lib/libopencm3_stm32f1.a(gpio_common_all.o)
gpio_port_write                                   ../../libopencm3/lib/libopencm3_stm32f1.a(gpio_common_all.o)
gpio_primary_remap                                ../../libopencm3/lib/libopencm3_stm32f1.a(gpio.o)
gpio_secondary_remap                              ../../libopencm3/lib/libopencm3_stm32f1.a(gpio.o)
gpio_set                                          ../../libopencm3/lib/libopencm3_stm32f1.a(gpio_common_all.o)
                                                  src/bootloader.o
gpio_set_eventout                                 ../../libopencm3/lib/libopencm3_stm32f1.a(gpio.o)
gpio_set_mode                                     ../../libopencm3/lib/libopencm3_stm32f1.a(gpio.o)
                                                  src/bootloader.o
gpio_toggle                                       ../../libopencm3/lib/libopencm3_stm32f1.a(gpio_common_all.o)
hard_fault_handler                                ../../libopencm3/lib/libopencm3_stm32f1.a(vector.o)
i2c1_er_isr                                       ../../libopencm3/lib/libopencm3_stm32f1.a(vector.o)
i2c1_ev_isr                                       ../../libopencm3/lib/libopencm3_stm32f1.a(vector.o)
i2c2_er_isr                                       ../../libopencm3/lib/libopencm3_stm32f1.a(vector.o)
i2c2_ev_isr                                       ../../libopencm3/lib/libopencm3_stm32f1.a(vector.o)
main                                              src/bootloader.o
                                                  ../../libopencm3/lib/libopencm3_stm32f1.a(vector.o)
mem_manage_handler                                ../../libopencm3/lib/libopencm3_stm32f1.a(vector.o)
nmi_handler                                       ../../libopencm3/lib/libopencm3_stm32f1.a(vector.o)
null_handler                                      ../../libopencm3/lib/libopencm3_stm32f1.a(vector.o)
nvic_clear_pending_irq                            ../../libopencm3/lib/libopencm3_stm32f1.a(nvic.o)
nvic_disable_irq                                  ../../libopencm3/lib/libopencm3_stm32f1.a(nvic.o)
nvic_enable_irq                                   ../../libopencm3/lib/libopencm3_stm32f1.a(nvic.o)
                                                  ../shared/src/core/uart.o
nvic_generate_software_interrupt                  ../../libopencm3/lib/libopencm3_stm32f1.a(nvic.o)
nvic_get_active_irq                               ../../libopencm3/lib/libopencm3_stm32f1.a(nvic.o)
nvic_get_irq_enabled                              ../../libopencm3/lib/libopencm3_stm32f1.a(nvic.o)
nvic_get_pending_irq                              ../../libopencm3/lib/libopencm3_stm32f1.a(nvic.o)
nvic_set_pending_irq                              ../../libopencm3/lib/libopencm3_stm32f1.a(nvic.o)
nvic_set_priority                                 ../../libopencm3/lib/libopencm3_stm32f1.a(nvic.o)
otg_fs_isr                                        ../../libopencm3/lib/libopencm3_stm32f1.a(vector.o)
pend_sv_handler                                   ../../libopencm3/lib/libopencm3_stm32f1.a(vector.o)
pvd_isr                                           ../../libopencm3/lib/libopencm3_stm32f1.a(vector.o)
rcc_ahb_frequency                                 ../../libopencm3/lib/libopencm3_stm32f1.a(rcc.o)
rcc_apb1_frequency                                ../../libopencm3/lib/libopencm3_stm32f1.a(rcc.o)
rcc_apb2_frequency                                ../../libopencm3/lib/libopencm3_stm32f1.a(rcc.o)
rcc_backupdomain_reset                            ../../libopencm3/lib/libopencm3_stm32f1.a(rcc.o)
rcc_clock_setup_in_hse_12mhz_out_72mhz            ../../libopencm3/lib/libopencm3_stm32f1.a(rcc.o)
rcc_clock_setup_in_hse_16mhz_out_72mhz            ../../libopencm3/lib/libopencm3_stm32f1.a(rcc.o)
rcc_clock_setup_in_hse_25mhz_out_72mhz            ../../libopencm3/lib/libopencm3_stm32f1.a(rcc.o)
rcc_clock_setup_in_hse_8mhz_out_24mhz             ../../libopencm3/lib/libopencm3_stm32f1.a(rcc.o)
rcc_clock_setup_in_hse_8mhz_out_72mhz             ../../libopencm3/lib/libopencm3_stm32f1.a(rcc.o)
rcc_clock_setup_in_hsi_out_24mhz                  ../../libopencm3/lib/libopencm3_stm32f1.a(rcc.o)
rcc_clock_setup_in_hsi_out_48mhz                  ../../libopencm3/lib/libopencm3_stm32f1.a(rcc.o)
rcc_clock_setup_in_hsi_out_64mhz                  ../../libopencm3/lib/libopencm3_stm32f1.a(rcc.o)
rcc_clock_setup_pll                               ../../libopencm3/lib/libopencm3_stm32f1.a(rcc.o)
                                                  ../shared/src/core/system.o
rcc_css_disable                                   ../../libopencm3/lib/libopencm3_stm32f1.a(rcc.o)
rcc_css_enable                                    ../../libopencm3/lib/libopencm3_stm32f1.a(rcc.o)
rcc_css_int_clear                                 ../../libopencm3/lib/libopencm3_stm32f1.a(rcc.o)
rcc_css_int_flag                                  ../../libopencm3/lib/libopencm3_stm32f1.a(rcc.o)
rcc_enable_rtc_clock                              ../../libopencm3/lib/libopencm3_stm32f1.a(rcc.o)
rcc_get_div_from_hpre                             ../../libopencm3/lib/libopencm3_stm32f1.a(rcc_common_all.o)
rcc_get_i2c_clk_freq                              ../../libopencm3/lib/libopencm3_stm32f1.a(rcc.o)
rcc_get_timer_clk_freq                            ../../libopencm3/lib/libopencm3_stm32f1.a(rcc.o)
rcc_get_usart_clk_freq                            ../../libopencm3/lib/libopencm3_stm32f1.a(rcc.o)
                                                  ../../libopencm3/lib/libopencm3_stm32f1.a(usart_common_all.o)
rcc_hse_configs                                   ../../libopencm3/lib/libopencm3_stm32f1.a(rcc.o)
                                                  ../shared/src/core/system.o
rcc_hsi_configs                                   ../../libopencm3/lib/libopencm3_stm32f1.a(rcc.o)
rcc_is_osc_ready                                  ../../libopencm3/lib/libopencm3_stm32f1.a(rcc.o)
rcc_isr                                           ../../libopencm3/lib/libopencm3_stm32f1.a(vector.o)
rcc_osc_bypass_disable                            ../../libopencm3/lib/libopencm3_stm32f1.a(rcc_common_all.o)
rcc_osc_bypass_enable                             ../../libopencm3/lib/libopencm3_stm32f1.a(rcc_common_all.o)
rcc_osc_off                                       ../../libopencm3/lib/libopencm3_stm32f1.a(rcc.o)
rcc_osc_on                                        ../../libopencm3/lib/libopencm3_stm32f1.a(rcc.o)
rcc_osc_ready_int_clear                           ../../libopencm3/lib/libopencm3_stm32f1.a(rcc.o)
rcc_osc_ready_int_disable                         ../../libopencm3/lib/libopencm3_stm32f1.a(rcc.o)
rcc_osc_ready_int_enable                          ../../libopencm3/lib/libopencm3_stm32f1.a(rcc.o)
rcc_osc_ready_int_flag                            ../../libopencm3/lib/libopencm3_stm32f1.a(rcc.o)
rcc_periph_clock_disable                          ../../libopencm3/lib/libopencm3_stm32f1.a(rcc_common_all.o)
rcc_periph_clock_enable                           ../../libopencm3/lib/libopencm3_stm32f1.a(rcc_common_all.o)
                                                  ../shared/src/core/uart.o
                                                  src/bootloader.o
rcc_periph_reset_hold                             ../../libopencm3/lib/libopencm3_stm32f1.a(rcc_common_all.o)
rcc_periph_reset_pulse                            ../../libopencm3/lib/libopencm3_stm32f1.a(rcc_common_all.o)
rcc_periph_reset_release                          ../../libopencm3/lib/libopencm3_stm32f1.a(rcc_common_all.o)
rcc_peripheral_clear_reset                        ../../libopencm3/lib/libopencm3_stm32f1.a(rcc_common_all.o)
rcc_peripheral_disable_clock                      ../../libopencm3/lib/libopencm3_stm32f1.a(rcc_common_all.o)
rcc_peripheral_enable_clock                       ../../libopencm3/lib/libopencm3_stm32f1.a(rcc_common_all.o)
rcc_peripheral_reset                              ../../libopencm3/lib/libopencm3_stm32f1.a(rcc_common_all.o)
rcc_rtc_clock_enabled_flag                        ../../libopencm3/lib/libopencm3_stm32f1.a(rcc.o)
rcc_set_adcpre                                    ../../libopencm3/lib/libopencm3_stm32f1.a(rcc.o)
rcc_set_hpre                                      ../../libopencm3/lib/libopencm3_stm32f1.a(rcc.o)
rcc_set_mco                                       ../../libopencm3/lib/libopencm3_stm32f1.a(rcc_common_all.o)
rcc_set_pll2_multiplication_factor                ../../libopencm3/lib/libopencm3_stm32f1.a(rcc.o)
rcc_set_pll3_multiplication_factor                ../../libopencm3/lib/libopencm3_stm32f1.a(rcc.o)
rcc_set_pll_multiplication_factor                 ../../libopencm3/lib/libopencm3_stm32f1.a(rcc.o)
rcc_set_pll_source                                ../../libopencm3/lib/libopencm3_stm32f1.a(rcc.o)
rcc_set_pllxtpre                                  ../../libopencm3/lib/libopencm3_stm32f1.a(rcc.o)
rcc_set_ppre1                                     ../../libopencm3/lib/libopencm3_stm32f1.a(rcc.o)
rcc_set_ppre2                                     ../../libopencm3/lib/libopencm3_stm32f1.a(rcc.o)
rcc_set_prediv1                                   ../../libopencm3/lib/libopencm3_stm32f1.a(rcc.o)
rcc_set_prediv1_source                            ../../libopencm3/lib/libopencm3_stm32f1.a(rcc.o)
rcc_set_prediv2                                   ../../libopencm3/lib/libopencm3_stm32f1.a(rcc.o)
rcc_set_rtc_clock_source                          ../../libopencm3/lib/libopencm3_stm32f1.a(rcc.o)
rcc_set_sysclk_source                             ../../libopencm3/lib/libopencm3_stm32f1.a(rcc.o)
rcc_set_usbpre                                    ../../libopencm3/lib/libopencm3_stm32f1.a(rcc.o)
rcc_system_clock_source                           ../../libopencm3/lib/libopencm3_stm32f1.a(rcc.o)
rcc_wait_for_osc_ready                            ../../libopencm3/lib/libopencm3_stm32f1.a(rcc.o)
reset_handler                                     ../../libopencm3/lib/libopencm3_stm32f1.a(vector.o)
ring_buffer_empty                                 ../shared/src/core/ring_buffer.o
                                                  ../shared/src/core/uart.o
ring_buffer_read                                  ../shared/src/core/ring_buffer.o
                                                  ../shared/src/core/uart.o
ring_buffer_setup                                 ../shared/src/core/ring_buffer.o
                                                  ../shared/src/core/uart.o
ring_buffer_write                                 ../shared/src/core/ring_buffer.o
                                                  ../shared/src/core/uart.o
rtc_alarm_isr                                     ../../libopencm3/lib/libopencm3_stm32f1.a(vector.o)
rtc_isr                                           ../../libopencm3/lib/libopencm3_stm32f1.a(vector.o)
sdio_isr                                          ../../libopencm3/lib/libopencm3_stm32f1.a(vector.o)
spi1_isr                                          ../../libopencm3/lib/libopencm3_stm32f1.a(vector.o)
spi2_isr                                          ../../libopencm3/lib/libopencm3_stm32f1.a(vector.o)
spi3_isr                                          ../../libopencm3/lib/libopencm3_stm32f1.a(vector.o)
sv_call_handler                                   ../../libopencm3/lib/libopencm3_stm32f1.a(vector.o)
sys_tick_handler                                  ../shared/src/core/system.o
system_delay_ms                                   ../shared/src/core/system.o
system_get_ticks                                  ../shared/src/core/system.o
                                                  src/bootloader.o
system_setup                                      ../shared/src/core/system.o
                                                  src/bootloader.o
systick_clear                                     ../../libopencm3/lib/libopencm3_stm32f1.a(systick.o)
systick_counter_disable                           ../../libopencm3/lib/libopencm3_stm32f1.a(systick.o)
systick_counter_enable                            ../../libopencm3/lib/libopencm3_stm32f1.a(systick.o)
                                                  ../shared/src/core/system.o
systick_get_calib                                 ../../libopencm3/lib/libopencm3_stm32f1.a(systick.o)
systick_get_countflag                             ../../libopencm3/lib/libopencm3_stm32f1.a(systick.o)
systick_get_reload                                ../../libopencm3/lib/libopencm3_stm32f1.a(systick.o)
systick_get_value                                 ../../libopencm3/lib/libopencm3_stm32f1.a(systick.o)
systick_interrupt_disable                         ../../libopencm3/lib/libopencm3_stm32f1.a(systick.o)
systick_interrupt_enable                          ../../libopencm3/lib/libopencm3_stm32f1.a(systick.o)
                                                  ../shared/src/core/system.o
systick_set_clocksource                           ../../libopencm3/lib/libopencm3_stm32f1.a(systick.o)
systick_set_frequency                             ../../libopencm3/lib/libopencm3_stm32f1.a(systick.o)
                                                  ../shared/src/core/system.o
systick_set_reload                                ../../libopencm3/lib/libopencm3_stm32f1.a(systick.o)
tamper_isr                                        ../../libopencm3/lib/libopencm3_stm32f1.a(vector.o)
tim1_brk_isr                                      ../../libopencm3/lib/libopencm3_stm32f1.a(vector.o)
tim1_cc_isr                                       ../../libopencm3/lib/libopencm3_stm32f1.a(vector.o)
tim1_trg_com_isr                                  ../../libopencm3/lib/libopencm3_stm32f1.a(vector.o)
tim1_up_isr                                       ../../libopencm3/lib/libopencm3_stm32f1.a(vector.o)
tim2_isr                                          ../../libopencm3/lib/libopencm3_stm32f1.a(vector.o)
tim3_isr                                          ../../libopencm3/lib/libopencm3_stm32f1.a(vector.o)
tim4_isr                                          ../../libopencm3/lib/libopencm3_stm32f1.a(vector.o)
tim5_isr                                          ../../libopencm3/lib/libopencm3_stm32f1.a(vector.o)
tim6_isr                                          ../../libopencm3/lib/libopencm3_stm32f1.a(vector.o)
tim7_isr                                          ../../libopencm3/lib/libopencm3_stm32f1.a(vector.o)
tim8_brk_isr                                      ../../libopencm3/lib/libopencm3_stm32f1.a(vector.o)
tim8_cc_isr                                       ../../libopencm3/lib/libopencm3_stm32f1.a(vector.o)
tim8_trg_com_isr                                  ../../libopencm3/lib/libopencm3_stm32f1.a(vector.o)
tim8_up_isr                                       ../../libopencm3/lib/libopencm3_stm32f1.a(vector.o)
uart4_isr                                         ../../libopencm3/lib/libopencm3_stm32f1.a(vector.o)
uart5_isr                                         ../../libopencm3/lib/libopencm3_stm32f1.a(vector.o)
uart_data_available                               ../shared/src/core/uart.o
uart_read                                         ../shared/src/core/uart.o
uart_read_byte                                    ../shared/src/core/uart.o
uart_setup                                        ../shared/src/core/uart.o
                                                  src/bootloader.o
uart_write                                        ../shared/src/core/uart.o
                                                  src/bootloader.o
uart_write_byte                                   ../shared/src/core/uart.o
usage_fault_handler                               ../../libopencm3/lib/libopencm3_stm32f1.a(vector.o)
usart1_isr                                        ../../libopencm3/lib/libopencm3_stm32f1.a(vector.o)
usart2_isr                                        ../shared/src/core/uart.o
usart3_isr                                        ../../libopencm3/lib/libopencm3_stm32f1.a(vector.o)
usart_disable                                     ../../libopencm3/lib/libopencm3_stm32f1.a(usart_common_all.o)
usart_disable_error_interrupt                     ../../libopencm3/lib/libopencm3_stm32f1.a(usart_common_all.o)
usart_disable_idle_interrupt                      ../../libopencm3/lib/libopencm3_stm32f1.a(usart_common_all.o)
usart_disable_rx_dma                              ../../libopencm3/lib/libopencm3_stm32f1.a(usart_common_all.o)
usart_disable_rx_interrupt                        ../../libopencm3/lib/libopencm3_stm32f1.a(usart_common_all.o)
usart_disable_tx_complete_interrupt               ../../libopencm3/lib/libopencm3_stm32f1.a(usart_common_all.o)
usart_disable_tx_dma                              ../../libopencm3/lib/libopencm3_stm32f1.a(usart_common_all.o)
usart_disable_tx_interrupt                        ../../libopencm3/lib/libopencm3_stm32f1.a(usart_common_all.o)
usart_enable                                      ../../libopencm3/lib/libopencm3_stm32f1.a(usart_common_all.o)
                                                  ../shared/src/core/uart.o
usart_enable_error_interrupt                      ../../libopencm3/lib/libopencm3_stm32f1.a(usart_common_all.o)
usart_enable_idle_interrupt                       ../../libopencm3/lib/libopencm3_stm32f1.a(usart_common_all.o)
usart_enable_rx_dma                               ../../libopencm3/lib/libopencm3_stm32f1.a(usart_common_all.o)
usart_enable_rx_interrupt                         ../../libopencm3/lib/libopencm3_stm32f1.a(usart_common_all.o)
                                                  ../shared/src/core/uart.o
usart_enable_tx_complete_interrupt                ../../libopencm3/lib/libopencm3_stm32f1.a(usart_common_all.o)
usart_enable_tx_dma                               ../../libopencm3/lib/libopencm3_stm32f1.a(usart_common_all.o)
usart_enable_tx_interrupt                         ../../libopencm3/lib/libopencm3_stm32f1.a(usart_common_all.o)
usart_get_databits                                ../../libopencm3/lib/libopencm3_stm32f1.a(usart_common_all.o)
usart_get_flag                                    ../../libopencm3/lib/libopencm3_stm32f1.a(usart_common_f124.o)
                                                  ../shared/src/core/uart.o
usart_get_parity                                  ../../libopencm3/lib/libopencm3_stm32f1.a(usart_common_all.o)
usart_get_stopbits                                ../../libopencm3/lib/libopencm3_stm32f1.a(usart_common_all.o)
usart_recv                                        ../../libopencm3/lib/libopencm3_stm32f1.a(usart_common_f124.o)
                                                  ../../libopencm3/lib/libopencm3_stm32f1.a(usart_common_all.o)
                                                  ../shared/src/core/uart.o
usart_recv_blocking                               ../../libopencm3/lib/libopencm3_stm32f1.a(usart_common_all.o)
usart_send                                        ../../libopencm3/lib/libopencm3_stm32f1.a(usart_common_f124.o)
                                                  ../../libopencm3/lib/libopencm3_stm32f1.a(usart_common_all.o)
usart_send_blocking                               ../../libopencm3/lib/libopencm3_stm32f1.a(usart_common_all.o)
                                                  ../shared/src/core/uart.o
usart_set_baudrate                                ../../libopencm3/lib/libopencm3_stm32f1.a(usart_common_all.o)
                                                  ../shared/src/core/uart.o
usart_set_databits                                ../../libopencm3/lib/libopencm3_stm32f1.a(usart_common_all.o)
                                                  ../shared/src/core/uart.o
usart_set_flow_control                            ../../libopencm3/lib/libopencm3_stm32f1.a(usart_common_all.o)
                                                  ../shared/src/core/uart.o
usart_set_mode                                    ../../libopencm3/lib/libopencm3_stm32f1.a(usart_common_all.o)
                                                  ../shared/src/core/uart.o
usart_set_parity                                  ../../libopencm3/lib/libopencm3_stm32f1.a(usart_common_all.o)
                                                  ../shared/src/core/uart.o
usart_set_stopbits                                ../../libopencm3/lib/libopencm3_stm32f1.a(usart_common_all.o)
                                                  ../shared/src/core/uart.o
usart_wait_recv_ready                             ../../libopencm3/lib/libopencm3_stm32f1.a(usart_common_f124.o)
                                                  ../../libopencm3/lib/libopencm3_stm32f1.a(usart_common_all.o)
usart_wait_send_ready                             ../../libopencm3/lib/libopencm3_stm32f1.a(usart_common_f124.o)
                                                  ../../libopencm3/lib/libopencm3_stm32f1.a(usart_common_all.o)
usb_hp_can_tx_isr                                 ../../libopencm3/lib/libopencm3_stm32f1.a(vector.o)
usb_lp_can_rx0_isr                                ../../libopencm3/lib/libopencm3_stm32f1.a(vector.o)
usb_wakeup_isr                                    ../../libopencm3/lib/libopencm3_stm32f1.a(vector.o)
vector_table                                      ../../libopencm3/lib/libopencm3_stm32f1.a(vector.o)
wwdg_isr                                          ../../libopencm3/lib/libopencm3_stm32f1.a(vector.o)
