Archive member included to satisfy reference by file (symbol)

../../libopencm3/lib/libopencm3_stm32f1.a(flash.o)
                              src/bl-flash.o (flash_program_half_word)
../../libopencm3/lib/libopencm3_stm32f1.a(flash_common_f.o)
                              src/bl-flash.o (flash_unlock)
../../libopencm3/lib/libopencm3_stm32f1.a(flash_common_f01.o)
                              ../../libopencm3/lib/libopencm3_stm32f1.a(flash.o) (flash_clear_pgerr_flag)
../../libopencm3/lib/libopencm3_stm32f1.a(gpio.o)
                              src/bootloader.o (gpio_set_mode)
../../libopencm3/lib/libopencm3_stm32f1.a(rcc.o)
                              ../shared/src/core/system.o (rcc_clock_setup_pll)
../../libopencm3/lib/libopencm3_stm32f1.a(rcc_common_all.o)
                              src/bootloader.o (rcc_periph_clock_enable)
../../libopencm3/lib/libopencm3_stm32f1.a(usart_common_all.o)
                              ../shared/src/core/uart.o (usart_set_baudrate)
../../libopencm3/lib/libopencm3_stm32f1.a(usart_common_f124.o)
                              ../../libopencm3/lib/libopencm3_stm32f1.a(usart_common_all.o) (usart_send)
../../libopencm3/lib/libopencm3_stm32f1.a(vector.o)
                              (reset_handler)
../../libopencm3/lib/libopencm3_stm32f1.a(systick.o)
                              ../shared/src/core/system.o (systick_set_frequency)
../../libopencm3/lib/libopencm3_stm32f1.a(nvic.o)
                              ../shared/src/core/uart.o (nvic_enable_irq)
../../libopencm3/lib/libopencm3_stm32f1.a(assert.o)
                              ../../libopencm3/lib/libopencm3_stm32f1.a(rcc.o) (cm3_assert_failed)
../../libopencm3/lib/libopencm3_stm32f1.a(desig_common_v1.o)
                              ../../libopencm3/lib/libopencm3_stm32f1.a(flash.o) (desig_get_flash_size)
../../libopencm3/lib/libopencm3_stm32f1.a(flash_common_all.o)
                              ../../libopencm3/lib/libopencm3_stm32f1.a(rcc.o) (flash_set_ws)
/usr/lib/gcc/arm-none-eabi/10.3.1/../../../arm-none-eabi/lib/thumb/v7-m/nofp/libc.a(lib_a-memmove.o)
                              src/comms.o (memmove)
/usr/lib/gcc/arm-none-eabi/10.3.1/../../../arm-none-eabi/lib/thumb/v7-m/nofp/libc.a(lib_a-memset.o)
                              src/comms.o (memset)

Discarded input sections

 .group         0x0000000000000000        0xc src/bootloader.o
 .group         0x0000000000000000        0xc src/bootloader.o
 .group         0x0000000000000000        0xc src/bootloader.o
 .group         0x0000000000000000        0xc src/bootloader.o
 .group         0x0000000000000000        0xc src/bootloader.o
 .group         0x0000000000000000        0xc src/bootloader.o
 .group         0x0000000000000000        0xc src/bootloader.o
 .group         0x0000000000000000        0xc src/bootloader.o
 .group         0x0000000000000000        0xc src/bootloader.o
 .group         0x0000000000000000        0xc src/bootloader.o
 .group         0x0000000000000000        0xc src/bootloader.o
 .group         0x0000000000000000        0xc src/bootloader.o
 .group         0x0000000000000000        0xc src/bootloader.o
 .group         0x0000000000000000        0xc src/bootloader.o
 .group         0x0000000000000000        0xc src/bootloader.o
 .group         0x0000000000000000        0xc src/bootloader.o
 .group         0x0000000000000000        0xc src/bootloader.o
 .group         0x0000000000000000        0xc src/bootloader.o
 .group         0x0000000000000000        0xc src/bootloader.o
 .group         0x0000000000000000        0xc src/bootloader.o
 .group         0x0000000000000000        0xc src/bootloader.o
 .group         0x0000000000000000        0xc src/bootloader.o
 .group         0x0000000000000000        0xc src/bootloader.o
 .group         0x0000000000000000        0xc src/bootloader.o
 .group         0x0000000000000000        0xc src/bootloader.o
 .group         0x0000000000000000        0xc src/bootloader.o
 .group         0x0000000000000000        0xc src/bootloader.o
 .group         0x0000000000000000        0xc src/bootloader.o
 .group         0x0000000000000000        0xc src/bootloader.o
 .group         0x0000000000000000        0xc src/bootloader.o
 .group         0x0000000000000000        0xc src/bootloader.o
 .group         0x0000000000000000        0xc src/bootloader.o
 .group         0x0000000000000000        0xc src/bootloader.o
 .group         0x0000000000000000        0xc src/bootloader.o
 .text          0x0000000000000000        0x0 src/bootloader.o
 .data          0x0000000000000000        0x0 src/bootloader.o
 .bss           0x0000000000000000        0x0 src/bootloader.o
 .group         0x0000000000000000        0xc src/comms.o
 .group         0x0000000000000000        0xc src/comms.o
 .group         0x0000000000000000        0xc src/comms.o
 .group         0x0000000000000000        0xc src/comms.o
 .group         0x0000000000000000        0xc src/comms.o
 .group         0x0000000000000000        0xc src/comms.o
[...]
Memory Configuration

Name             Origin             Length             Attributes
ram              0x0000000020000000 0x0000000000005000 xrw
rom              0x0000000008000000 0x0000000000006000 xr
*default*        0x0000000000000000 0xffffffffffffffff

Linker script and memory map

LOAD src/bootloader.o
LOAD src/comms.o
LOAD src/bl-flash.o
LOAD ../shared/src/core/system.o
LOAD ../shared/src/core/simple-timer.o
LOAD ../shared/src/core/crc8.o
LOAD ../shared/src/core/uart.o
LOAD ../shared/src/core/ring_buffer.o
LOAD ../../libopencm3/lib/libopencm3_stm32f1.a
START GROUP
LOAD /usr/lib/gcc/arm-none-eabi/10.3.1/../../../arm-none-eabi/lib/thumb/v7-m/nofp/libc.a
LOAD /usr/lib/gcc/arm-none-eabi/10.3.1/thumb/v7-m/nofp/libgcc.a
LOAD /usr/lib/gcc/arm-none-eabi/10.3.1/../../../arm-none-eabi/lib/thumb/v7-m/nofp/libnosys.a
END GROUP
START GROUP
LOAD /usr/lib/gcc/arm-none-eabi/10.3.1/thumb/v7-m/nofp/libgcc.a
LOAD /usr/lib/gcc/arm-none-eabi/10.3.1/../../../arm-none-eabi/lib/thumb/v7-m/nofp/libg.a
LOAD /usr/lib/gcc/arm-none-eabi/10.3.1/../../../arm-none-eabi/lib/thumb/v7-m/nofp/libc.a
END GROUP

.text           0x0000000008000000      0xa28
 *(.vectors)
 .vectors       0x0000000008000000      0x150 ../../libopencm3/lib/libopencm3_stm32f1.a(vector.o)
                0x0000000008000000                vector_table
 *(.text*)
 .text.startup.main
                0x0000000008000150       0x7c src/bootloader.o
                0x0000000008000150                main
 .text.comms_setup
                0x00000000080001cc       0x48 src/comms.o
                0x00000000080001cc                comms_setup
 .text.sys_tick_handler
                0x0000000008000214       0x18 ../shared/src/core/system.o
                0x0000000008000214                sys_tick_handler
 .text.system_get_ticks
                0x000000000800022c        0xc ../shared/src/core/system.o
                0x000000000800022c                system_get_ticks
 .text.system_setup
                0x0000000008000238       0x28 ../shared/src/core/system.o
                0x0000000008000238                system_setup
 .text.system_delay_ms
                0x0000000008000260       0x24 ../shared/src/core/system.o
                0x0000000008000260                system_delay_ms
 .text.simple_timer_setup
                0x0000000008000284       0x2a ../shared/src/core/simple-timer.o
                0x0000000008000284                simple_timer_setup
 .text.simple_timer_reset
                0x00000000080002ae       0x22 ../shared/src/core/simple-timer.o
                0x00000000080002ae                simple_timer_reset
 .text.simple_timer_has_elapsed
                0x00000000080002d0       0x40 ../shared/src/core/simple-timer.o
                0x00000000080002d0                simple_timer_has_elapsed
 .text.crc8     0x0000000008000310       0x30 ../shared/src/core/crc8.o
                0x0000000008000310                crc8
 .text.usart2_isr
                0x0000000008000340       0x34 ../shared/src/core/uart.o
                0x0000000008000340                usart2_isr
 .text.uart_setup
                0x0000000008000374       0x6c ../shared/src/core/uart.o
                0x0000000008000374                uart_setup
 .text.ring_buffer_setup
                0x00000000080003e0        0xe ../shared/src/core/ring_buffer.o
                0x00000000080003e0                ring_buffer_setup
 .text.ring_buffer_write
                0x00000000080003ee       0x1e ../shared/src/core/ring_buffer.o
                0x00000000080003ee                ring_buffer_write
 .text.gpio_set_mode
                0x000000000800040c       0x5e ../../libopencm3/lib/libopencm3_stm32f1.a(gpio.o)
                0x000000000800040c                gpio_set_mode
 *fill*         0x000000000800046a        0x2 
 .text.rcc_is_osc_ready
                0x000000000800046c       0x58 ../../libopencm3/lib/libopencm3_stm32f1.a(rcc.o)
                0x000000000800046c                rcc_is_osc_ready
 .text.rcc_wait_for_osc_ready
                0x00000000080004c4       0x10 ../../libopencm3/lib/libopencm3_stm32f1.a(rcc.o)
                0x00000000080004c4                rcc_wait_for_osc_ready
 .text.rcc_osc_on
                0x00000000080004d4       0x60 ../../libopencm3/lib/libopencm3_stm32f1.a(rcc.o)
                0x00000000080004d4                rcc_osc_on
 .text.rcc_set_sysclk_source
                0x0000000008000534       0x14 ../../libopencm3/lib/libopencm3_stm32f1.a(rcc.o)
                0x0000000008000534                rcc_set_sysclk_source
 .text.rcc_set_pll_multiplication_factor
                0x0000000008000548       0x14 ../../libopencm3/lib/libopencm3_stm32f1.a(rcc.o)
                0x0000000008000548                rcc_set_pll_multiplication_factor
 .text.rcc_set_pll2_multiplication_factor
                0x000000000800055c       0x14 ../../libopencm3/lib/libopencm3_stm32f1.a(rcc.o)
                0x000000000800055c                rcc_set_pll2_multiplication_factor
 .text.rcc_set_pll3_multiplication_factor
                0x0000000008000570       0x14 ../../libopencm3/lib/libopencm3_stm32f1.a(rcc.o)
                0x0000000008000570                rcc_set_pll3_multiplication_factor
 .text.rcc_set_pll_source
                0x0000000008000584       0x14 ../../libopencm3/lib/libopencm3_stm32f1.a(rcc.o)
                0x0000000008000584                rcc_set_pll_source
 .text.rcc_set_pllxtpre
                0x0000000008000598       0x14 ../../libopencm3/lib/libopencm3_stm32f1.a(rcc.o)
                0x0000000008000598                rcc_set_pllxtpre
 .text.rcc_set_adcpre
                0x00000000080005ac       0x14 ../../libopencm3/lib/libopencm3_stm32f1.a(rcc.o)
                0x00000000080005ac                rcc_set_adcpre
 .text.rcc_set_ppre2
                0x00000000080005c0       0x14 ../../libopencm3/lib/libopencm3_stm32f1.a(rcc.o)
                0x00000000080005c0                rcc_set_ppre2
 .text.rcc_set_ppre1
                0x00000000080005d4       0x14 ../../libopencm3/lib/libopencm3_stm32f1.a(rcc.o)
                0x00000000080005d4                rcc_set_ppre1
 .text.rcc_set_hpre
                0x00000000080005e8       0x14 ../../libopencm3/lib/libopencm3_stm32f1.a(rcc.o)
                0x00000000080005e8                rcc_set_hpre
 .text.rcc_set_usbpre
                0x00000000080005fc       0x18 ../../libopencm3/lib/libopencm3_stm32f1.a(rcc.o)
                0x00000000080005fc                rcc_set_usbpre
 .text.rcc_set_prediv1
                0x0000000008000614       0x14 ../../libopencm3/lib/libopencm3_stm32f1.a(rcc.o)
                0x0000000008000614                rcc_set_prediv1
 .text.rcc_set_prediv2
                0x0000000008000628       0x14 ../../libopencm3/lib/libopencm3_stm32f1.a(rcc.o)
                0x0000000008000628                rcc_set_prediv2
 .text.rcc_set_prediv1_source
                0x000000000800063c       0x18 ../../libopencm3/lib/libopencm3_stm32f1.a(rcc.o)
                0x000000000800063c                rcc_set_prediv1_source
 .text.rcc_clock_setup_pll
                0x0000000008000654       0xbc ../../libopencm3/lib/libopencm3_stm32f1.a(rcc.o)
                0x0000000008000654                rcc_clock_setup_pll
 .text.rcc_get_usart_clk_freq
                0x0000000008000710       0x1c ../../libopencm3/lib/libopencm3_stm32f1.a(rcc.o)
                0x0000000008000710                rcc_get_usart_clk_freq
 .text.rcc_periph_clock_enable
                0x000000000800072c       0x1c ../../libopencm3/lib/libopencm3_stm32f1.a(rcc_common_all.o)
                0x000000000800072c                rcc_periph_clock_enable
 .text.usart_set_baudrate
                0x0000000008000748       0x16 ../../libopencm3/lib/libopencm3_stm32f1.a(usart_common_all.o)
                0x0000000008000748                usart_set_baudrate
 .text.usart_set_databits
                0x000000000800075e       0x12 ../../libopencm3/lib/libopencm3_stm32f1.a(usart_common_all.o)
                0x000000000800075e                usart_set_databits
 .text.usart_set_stopbits
                0x0000000008000770        0xc ../../libopencm3/lib/libopencm3_stm32f1.a(usart_common_all.o)
                0x0000000008000770                usart_set_stopbits
 .text.usart_set_parity
                0x000000000800077c        0xc ../../libopencm3/lib/libopencm3_stm32f1.a(usart_common_all.o)
                0x000000000800077c                usart_set_parity
 .text.usart_set_mode
                0x0000000008000788        0xc ../../libopencm3/lib/libopencm3_stm32f1.a(usart_common_all.o)
                0x0000000008000788                usart_set_mode
 .text.usart_set_flow_control
                0x0000000008000794        0xc ../../libopencm3/lib/libopencm3_stm32f1.a(usart_common_all.o)
                0x0000000008000794                usart_set_flow_control
 .text.usart_enable
                0x00000000080007a0        0xa ../../libopencm3/lib/libopencm3_stm32f1.a(usart_common_all.o)
                0x00000000080007a0                usart_enable
 .text.usart_enable_rx_interrupt
                0x00000000080007aa        0xa ../../libopencm3/lib/libopencm3_stm32f1.a(usart_common_all.o)
                0x00000000080007aa                usart_enable_rx_interrupt
 .text.usart_recv
                0x00000000080007b4        0x8 ../../libopencm3/lib/libopencm3_stm32f1.a(usart_common_f124.o)
                0x00000000080007b4                usart_recv
 .text.usart_get_flag
                0x00000000080007bc        0xc ../../libopencm3/lib/libopencm3_stm32f1.a(usart_common_f124.o)
                0x00000000080007bc                usart_get_flag
 .text.blocking_handler
                0x00000000080007c8        0x2 ../../libopencm3/lib/libopencm3_stm32f1.a(vector.o)
                0x00000000080007c8                usart3_isr
                0x00000000080007c8                rtc_isr
                0x00000000080007c8                tim7_isr
                0x00000000080007c8                adc1_2_isr
                0x00000000080007c8                tim1_trg_com_isr
                0x00000000080007c8                usb_hp_can_tx_isr
                0x00000000080007c8                tim6_isr
                0x00000000080007c8                usb_wakeup_isr
                0x00000000080007c8                blocking_handler
                0x00000000080007c8                tim5_isr
                0x00000000080007c8                otg_fs_isr
                0x00000000080007c8                spi1_isr
                0x00000000080007c8                exti2_isr
                0x00000000080007c8                dma1_channel6_isr
                0x00000000080007c8                can_rx1_isr
                0x00000000080007c8                dma1_channel5_isr
                0x00000000080007c8                dma2_channel5_isr
                0x00000000080007c8                usart1_isr
                0x00000000080007c8                usage_fault_handler
                0x00000000080007c8                tim8_trg_com_isr
                0x00000000080007c8                can2_rx0_isr
                0x00000000080007c8                tim1_brk_isr
                0x00000000080007c8                can2_rx1_isr
                0x00000000080007c8                tim1_cc_isr
                0x00000000080007c8                sdio_isr
                0x00000000080007c8                eth_isr
                0x00000000080007c8                dma1_channel4_isr
                0x00000000080007c8                tim8_brk_isr
                0x00000000080007c8                dma2_channel4_5_isr
                0x00000000080007c8                pvd_isr
                0x00000000080007c8                rcc_isr
                0x00000000080007c8                flash_isr
                0x00000000080007c8                uart4_isr
                0x00000000080007c8                rtc_alarm_isr
                0x00000000080007c8                exti15_10_isr
                0x00000000080007c8                hard_fault_handler
                0x00000000080007c8                exti1_isr
                0x00000000080007c8                i2c1_ev_isr
                0x00000000080007c8                dma2_channel1_isr
                0x00000000080007c8                spi2_isr
                0x00000000080007c8                tim8_up_isr
                0x00000000080007c8                dma2_channel2_isr
                0x00000000080007c8                exti3_isr
                0x00000000080007c8                adc3_isr
                0x00000000080007c8                tim3_isr
                0x00000000080007c8                usb_lp_can_rx0_isr
                0x00000000080007c8                i2c2_er_isr
                0x00000000080007c8                i2c2_ev_isr
                0x00000000080007c8                uart5_isr
                0x00000000080007c8                fsmc_isr
                0x00000000080007c8                dma1_channel1_isr
                0x00000000080007c8                exti4_isr
                0x00000000080007c8                mem_manage_handler
                0x00000000080007c8                can2_tx_isr
                0x00000000080007c8                exti9_5_isr
                0x00000000080007c8                dma2_channel3_isr
                0x00000000080007c8                dma1_channel7_isr
                0x00000000080007c8                tim1_up_isr
                0x00000000080007c8                can2_sce_isr
                0x00000000080007c8                tim4_isr
                0x00000000080007c8                dma1_channel2_isr
                0x00000000080007c8                i2c1_er_isr
                0x00000000080007c8                can_sce_isr
                0x00000000080007c8                tim8_cc_isr
                0x00000000080007c8                tamper_isr
                0x00000000080007c8                eth_wkup_isr
                0x00000000080007c8                bus_fault_handler
                0x00000000080007c8                wwdg_isr
                0x00000000080007c8                dma1_channel3_isr
                0x00000000080007c8                spi3_isr
                0x00000000080007c8                tim2_isr
                0x00000000080007c8                exti0_isr
 .text.null_handler
                0x00000000080007ca        0x2 ../../libopencm3/lib/libopencm3_stm32f1.a(vector.o)
                0x00000000080007ca                null_handler
                0x00000000080007ca                sv_call_handler
                0x00000000080007ca                pend_sv_handler
                0x00000000080007ca                debug_monitor_handler
                0x00000000080007ca                nmi_handler
 .text.reset_handler
                0x00000000080007cc       0x94 ../../libopencm3/lib/libopencm3_stm32f1.a(vector.o)
                0x00000000080007cc                reset_handler
 .text.systick_set_clocksource
                0x0000000008000860       0x14 ../../libopencm3/lib/libopencm3_stm32f1.a(systick.o)
                0x0000000008000860                systick_set_clocksource
 .text.systick_set_frequency
                0x0000000008000874       0x38 ../../libopencm3/lib/libopencm3_stm32f1.a(systick.o)
                0x0000000008000874                systick_set_frequency
 .text.systick_interrupt_enable
                0x00000000080008ac        0xe ../../libopencm3/lib/libopencm3_stm32f1.a(systick.o)
                0x00000000080008ac                systick_interrupt_enable
 .text.systick_counter_enable
                0x00000000080008ba        0xe ../../libopencm3/lib/libopencm3_stm32f1.a(systick.o)
                0x00000000080008ba                systick_counter_enable
 .text.nvic_enable_irq
                0x00000000080008c8       0x1a ../../libopencm3/lib/libopencm3_stm32f1.a(nvic.o)
                0x00000000080008c8                nvic_enable_irq
 *fill*         0x00000000080008e2        0x2 
 .text.flash_set_ws
                0x00000000080008e4       0x14 ../../libopencm3/lib/libopencm3_stm32f1.a(flash_common_all.o)
                0x00000000080008e4                flash_set_ws
 .text          0x00000000080008f8       0xa4 /usr/lib/gcc/arm-none-eabi/10.3.1/../../../arm-none-eabi/lib/thumb/v7-m/nofp/libc.a(lib_a-memset.o)
                0x00000000080008f8                memset
                0x000000000800099c                . = ALIGN (0x4)
 *(.rodata*)
 .rodata.rcc_hse_configs
                0x000000000800099c       0x8c ../../libopencm3/lib/libopencm3_stm32f1.a(rcc.o)
                0x000000000800099c                rcc_hse_configs
                0x0000000008000a28                . = ALIGN (0x4)

.glue_7         0x0000000008000a28        0x0
 .glue_7        0x0000000008000a28        0x0 linker stubs

.glue_7t        0x0000000008000a28        0x0
 .glue_7t       0x0000000008000a28        0x0 linker stubs

.vfp11_veneer   0x0000000008000a28        0x0
 .vfp11_veneer  0x0000000008000a28        0x0 linker stubs

.v4_bx          0x0000000008000a28        0x0
 .v4_bx         0x0000000008000a28        0x0 linker stubs

.iplt           0x0000000008000a28        0x0
 .iplt          0x0000000008000a28        0x0 src/bootloader.o

.rel.dyn        0x0000000008000a28        0x0
 .rel.iplt      0x0000000008000a28        0x0 src/bootloader.o

.preinit_array  0x0000000008000a28        0x0
                0x0000000008000a28                . = ALIGN (0x4)
                0x0000000008000a28                __preinit_array_start = .
 *(.preinit_array)
                0x0000000008000a28                __preinit_array_end = .

.init_array     0x0000000008000a28        0x0
                0x0000000008000a28                . = ALIGN (0x4)
                0x0000000008000a28                __init_array_start = .
 *(SORT_BY_NAME(.init_array.*))
 *(.init_array)
                0x0000000008000a28                __init_array_end = .

.fini_array     0x0000000008000a28        0x0
                0x0000000008000a28                . = ALIGN (0x4)
                0x0000000008000a28                __fini_array_start = .
 *(.fini_array)
 *(SORT_BY_NAME(.fini_array.*))
                0x0000000008000a28                __fini_array_end = .

.ARM.extab
 *(.ARM.extab*)

.ARM.exidx      0x0000000008000a28        0x0
                0x0000000008000a28                __exidx_start = .
 *(.ARM.exidx*)
                0x0000000008000a28                __exidx_end = .
                0x0000000008000a28                . = ALIGN (0x4)
                0x0000000008000a28                _etext = .

.noinit
 *(.noinit*)
                0x0000000008000a28                . = ALIGN (0x4)

.data           0x0000000020000000        0xc load address 0x0000000008000a28
                0x0000000020000000                _data = .
 *(.data*)
 .data.rcc_ahb_frequency
                0x0000000020000000        0x4 ../../libopencm3/lib/libopencm3_stm32f1.a(rcc.o)
                0x0000000020000000                rcc_ahb_frequency
 .data.rcc_apb1_frequency
                0x0000000020000004        0x4 ../../libopencm3/lib/libopencm3_stm32f1.a(rcc.o)
                0x0000000020000004                rcc_apb1_frequency
 .data.rcc_apb2_frequency
                0x0000000020000008        0x4 ../../libopencm3/lib/libopencm3_stm32f1.a(rcc.o)
                0x0000000020000008                rcc_apb2_frequency
 *(.ramtext*)
                0x000000002000000c                . = ALIGN (0x4)
                0x000000002000000c                _edata = .
                0x0000000008000a28                _data_loadaddr = LOADADDR (.data)

.igot.plt       0x000000002000000c        0x0 load address 0x0000000008000a34
 .igot.plt      0x000000002000000c        0x0 src/bootloader.o

.bss            0x0000000020000010       0xc0 load address 0x0000000008000a34
 *(.bss*)
 .bss.ack_packet
                0x0000000020000010       0x12 src/comms.o
 .bss.retx_packet
                0x0000000020000022       0x12 src/comms.o
 *fill*         0x0000000020000034        0x4 
 .bss.ms_ticks  0x0000000020000038        0x8 ../shared/src/core/system.o
 .bss.data_buffer
                0x0000000020000040       0x80 ../shared/src/core/uart.o
 .bss.rb        0x00000000200000c0       0x10 ../shared/src/core/uart.o
 *(COMMON)
                0x00000000200000d0                . = ALIGN (0x4)
                0x00000000200000d0                _ebss = .

/DISCARD/
 *(.eh_frame)
                0x00000000200000d0                . = ALIGN (0x4)
                0x00000000200000d0                end = .
                0x0000000020005000                PROVIDE (_stack = (ORIGIN (ram) + LENGTH (ram)))
OUTPUT(bootloader.elf elf32-littlearm)
LOAD linker stubs

.debug_info     0x0000000000000000     0x48d4
 .debug_info    0x0000000000000000      0x439 src/bootloader.o
 .debug_info    0x0000000000000439      0x565 src/comms.o
 .debug_info    0x000000000000099e      0x399 ../shared/src/core/system.o
 .debug_info    0x0000000000000d37      0x1f6 ../shared/src/core/simple-timer.o
 .debug_info    0x0000000000000f2d      0x134 ../shared/src/core/crc8.o
 .debug_info    0x0000000000001061      0x74b ../shared/src/core/uart.o
 .debug_info    0x00000000000017ac      0x24c ../shared/src/core/ring_buffer.o
 .debug_info    0x00000000000019f8      0x1ec ../../libopencm3/lib/libopencm3_stm32f1.a(gpio.o)
 .debug_info    0x0000000000001be4     0x155c ../../libopencm3/lib/libopencm3_stm32f1.a(rcc.o)
 .debug_info    0x0000000000003140      0x619 ../../libopencm3/lib/libopencm3_stm32f1.a(rcc_common_all.o)
 .debug_info    0x0000000000003759      0x66e ../../libopencm3/lib/libopencm3_stm32f1.a(usart_common_all.o)
 .debug_info    0x0000000000003dc7      0x186 ../../libopencm3/lib/libopencm3_stm32f1.a(usart_common_f124.o)
 .debug_info    0x0000000000003f4d      0x2d1 ../../libopencm3/lib/libopencm3_stm32f1.a(vector.o)
 .debug_info    0x000000000000421e      0x268 ../../libopencm3/lib/libopencm3_stm32f1.a(systick.o)
 .debug_info    0x0000000000004486      0x22d ../../libopencm3/lib/libopencm3_stm32f1.a(nvic.o)
 .debug_info    0x00000000000046b3       0xea ../../libopencm3/lib/libopencm3_stm32f1.a(flash_common_all.o)
 .debug_info    0x000000000000479d      0x137 /usr/lib/gcc/arm-none-eabi/10.3.1/../../../arm-none-eabi/lib/thumb/v7-m/nofp/libc.a(lib_a-memset.o)

.debug_abbrev   0x0000000000000000     0x153f
 .debug_abbrev  0x0000000000000000      0x127 src/bootloader.o
 .debug_abbrev  0x0000000000000127      0x252 src/comms.o
 .debug_abbrev  0x0000000000000379      0x1e7 ../shared/src/core/system.o
 .debug_abbrev  0x0000000000000560      0x121 ../shared/src/core/simple-timer.o
 .debug_abbrev  0x0000000000000681       0x92 ../shared/src/core/crc8.o
 .debug_abbrev  0x0000000000000713      0x196 ../shared/src/core/uart.o
 .debug_abbrev  0x00000000000008a9      0x10c ../shared/src/core/ring_buffer.o
 .debug_abbrev  0x00000000000009b5       0xd0 ../../libopencm3/lib/libopencm3_stm32f1.a(gpio.o)
 .debug_abbrev  0x0000000000000a85      0x282 ../../libopencm3/lib/libopencm3_stm32f1.a(rcc.o)
 .debug_abbrev  0x0000000000000d07      0x17c ../../libopencm3/lib/libopencm3_stm32f1.a(rcc_common_all.o)
 .debug_abbrev  0x0000000000000e83      0x16d ../../libopencm3/lib/libopencm3_stm32f1.a(usart_common_all.o)
 .debug_abbrev  0x0000000000000ff0       0xb5 ../../libopencm3/lib/libopencm3_stm32f1.a(usart_common_f124.o)
 .debug_abbrev  0x00000000000010a5      0x145 ../../libopencm3/lib/libopencm3_stm32f1.a(vector.o)
 .debug_abbrev  0x00000000000011ea      0x155 ../../libopencm3/lib/libopencm3_stm32f1.a(systick.o)
 .debug_abbrev  0x000000000000133f       0xb5 ../../libopencm3/lib/libopencm3_stm32f1.a(nvic.o)
 .debug_abbrev  0x00000000000013f4       0x97 ../../libopencm3/lib/libopencm3_stm32f1.a(flash_common_all.o)
 .debug_abbrev  0x000000000000148b       0xb4 /usr/lib/gcc/arm-none-eabi/10.3.1/../../../arm-none-eabi/lib/thumb/v7-m/nofp/libc.a(lib_a-memset.o)

.debug_aranges  0x0000000000000000      0x618
 .debug_aranges
                0x0000000000000000       0x20 src/bootloader.o
 .debug_aranges
                0x0000000000000020       0x50 src/comms.o
 .debug_aranges
                0x0000000000000070       0x38 ../shared/src/core/system.o
 .debug_aranges
                0x00000000000000a8       0x30 ../shared/src/core/simple-timer.o
 .debug_aranges
                0x00000000000000d8       0x20 ../shared/src/core/crc8.o
 .debug_aranges
                0x00000000000000f8       0x50 ../shared/src/core/uart.o
 .debug_aranges
                0x0000000000000148       0x38 ../shared/src/core/ring_buffer.o
 .debug_aranges
                0x0000000000000180       0x38 ../../libopencm3/lib/libopencm3_stm32f1.a(gpio.o)
 .debug_aranges
                0x00000000000001b8      0x170 ../../libopencm3/lib/libopencm3_stm32f1.a(rcc.o)
 .debug_aranges
                0x0000000000000328       0x60 ../../libopencm3/lib/libopencm3_stm32f1.a(rcc_common_all.o)
 .debug_aranges
                0x0000000000000388       0xf0 ../../libopencm3/lib/libopencm3_stm32f1.a(usart_common_all.o)
 .debug_aranges
                0x0000000000000478       0x40 ../../libopencm3/lib/libopencm3_stm32f1.a(usart_common_f124.o)
 .debug_aranges
                0x00000000000004b8       0x30 ../../libopencm3/lib/libopencm3_stm32f1.a(vector.o)
 .debug_aranges
                0x00000000000004e8       0x78 ../../libopencm3/lib/libopencm3_stm32f1.a(systick.o)
 .debug_aranges
                0x0000000000000560       0x60 ../../libopencm3/lib/libopencm3_stm32f1.a(nvic.o)
 .debug_aranges
                0x00000000000005c0       0x38 ../../libopencm3/lib/libopencm3_stm32f1.a(flash_common_all.o)
 .debug_aranges
                0x00000000000005f8       0x20 /usr/lib/gcc/arm-none-eabi/10.3.1/../../../arm-none-eabi/lib/thumb/v7-m/nofp/libc.a(lib_a-memset.o)

.debug_ranges   0x0000000000000000      0x6d8
 .debug_ranges  0x0000000000000000       0x10 src/bootloader.o
 .debug_ranges  0x0000000000000010       0xa8 src/comms.o
 .debug_ranges  0x00000000000000b8       0x88 ../shared/src/core/system.o
 .debug_ranges  0x0000000000000140       0x20 ../shared/src/core/simple-timer.o
 .debug_ranges  0x0000000000000160       0x48 ../shared/src/core/crc8.o
 .debug_ranges  0x00000000000001a8       0x60 ../shared/src/core/uart.o
 .debug_ranges  0x0000000000000208       0x28 ../shared/src/core/ring_buffer.o
 .debug_ranges  0x0000000000000230       0x28 ../../libopencm3/lib/libopencm3_stm32f1.a(gpio.o)
 .debug_ranges  0x0000000000000258      0x208 ../../libopencm3/lib/libopencm3_stm32f1.a(rcc.o)
 .debug_ranges  0x0000000000000460       0x50 ../../libopencm3/lib/libopencm3_stm32f1.a(rcc_common_all.o)
 .debug_ranges  0x00000000000004b0       0xe0 ../../libopencm3/lib/libopencm3_stm32f1.a(usart_common_all.o)
 .debug_ranges  0x0000000000000590       0x30 ../../libopencm3/lib/libopencm3_stm32f1.a(usart_common_f124.o)
 .debug_ranges  0x00000000000005c0       0x20 ../../libopencm3/lib/libopencm3_stm32f1.a(vector.o)
 .debug_ranges  0x00000000000005e0       0x80 ../../libopencm3/lib/libopencm3_stm32f1.a(systick.o)
 .debug_ranges  0x0000000000000660       0x50 ../../libopencm3/lib/libopencm3_stm32f1.a(nvic.o)
 .debug_ranges  0x00000000000006b0       0x28 ../../libopencm3/lib/libopencm3_stm32f1.a(flash_common_all.o)

.debug_macro    0x0000000000000000     0x52e5
 .debug_macro   0x0000000000000000      0x208 src/bootloader.o
 .debug_macro   0x0000000000000208      0xa60 src/bootloader.o
 .debug_macro   0x0000000000000c68       0x22 src/bootloader.o
 .debug_macro   0x0000000000000c8a       0x52 src/bootloader.o
 .debug_macro   0x0000000000000cdc       0x18 src/bootloader.o
 .debug_macro   0x0000000000000cf4       0x5c src/bootloader.o
 .debug_macro   0x0000000000000d50       0x35 src/bootloader.o
 .debug_macro   0x0000000000000d85       0x34 src/bootloader.o
 .debug_macro   0x0000000000000db9       0x16 src/bootloader.o
 .debug_macro   0x0000000000000dcf       0x57 src/bootloader.o
 .debug_macro   0x0000000000000e26       0x97 src/bootloader.o
 .debug_macro   0x0000000000000ebd      0x356 src/bootloader.o
 .debug_macro   0x0000000000001213       0xf6 src/bootloader.o
 .debug_macro   0x0000000000001309       0x10 src/bootloader.o
 .debug_macro   0x0000000000001319       0x16 src/bootloader.o
 .debug_macro   0x000000000000132f       0x43 src/bootloader.o
 .debug_macro   0x0000000000001372       0x34 src/bootloader.o
 .debug_macro   0x00000000000013a6       0x10 src/bootloader.o
 .debug_macro   0x00000000000013b6       0x52 src/bootloader.o
 .debug_macro   0x0000000000001408      0x182 src/bootloader.o
 .debug_macro   0x000000000000158a       0x10 src/bootloader.o
 .debug_macro   0x000000000000159a       0x6a src/bootloader.o
 .debug_macro   0x0000000000001604       0xb2 src/bootloader.o
 .debug_macro   0x00000000000016b6       0x16 src/bootloader.o
 .debug_macro   0x00000000000016cc      0x129 src/bootloader.o
 .debug_macro   0x00000000000017f5      0x34e src/bootloader.o
 .debug_macro   0x0000000000001b43       0x22 src/bootloader.o
 .debug_macro   0x0000000000001b65      0x100 src/bootloader.o
 .debug_macro   0x0000000000001c65       0x76 src/bootloader.o
 .debug_macro   0x0000000000001cdb      0x1b4 src/bootloader.o
 .debug_macro   0x0000000000001e8f      0x8c6 src/bootloader.o
 .debug_macro   0x0000000000002755       0x76 src/bootloader.o
 .debug_macro   0x00000000000027cb      0xe2e src/bootloader.o
 .debug_macro   0x00000000000035f9       0x16 src/bootloader.o
 .debug_macro   0x000000000000360f       0x28 src/bootloader.o
 .debug_macro   0x0000000000003637      0x172 src/comms.o
 .debug_macro   0x00000000000037a9      0x1cb ../shared/src/core/system.o
 .debug_macro   0x0000000000003974       0x10 ../shared/src/core/system.o
 .debug_macro   0x0000000000003984       0x69 ../shared/src/core/system.o
 .debug_macro   0x00000000000039ed       0x6e ../shared/src/core/system.o
 .debug_macro   0x0000000000003a5b      0x1a2 ../shared/src/core/system.o
 .debug_macro   0x0000000000003bfd      0x1ba ../shared/src/core/system.o
 .debug_macro   0x0000000000003db7      0x158 ../shared/src/core/simple-timer.o
 .debug_macro   0x0000000000003f0f      0x14f ../shared/src/core/crc8.o
 .debug_macro   0x000000000000405e      0x1f4 ../shared/src/core/uart.o
 .debug_macro   0x0000000000004252       0x68 ../shared/src/core/uart.o
 .debug_macro   0x00000000000042ba       0x94 ../shared/src/core/uart.o
 .debug_macro   0x000000000000434e      0x29e ../shared/src/core/uart.o
 .debug_macro   0x00000000000045ec      0x14f ../shared/src/core/ring_buffer.o
 .debug_macro   0x000000000000473b       0x6f ../../libopencm3/lib/libopencm3_stm32f1.a(gpio.o)
 .debug_macro   0x00000000000047aa       0x9e ../../libopencm3/lib/libopencm3_stm32f1.a(rcc.o)
 .debug_macro   0x0000000000004848       0x16 ../../libopencm3/lib/libopencm3_stm32f1.a(rcc.o)
 .debug_macro   0x000000000000485e       0x85 ../../libopencm3/lib/libopencm3_stm32f1.a(rcc_common_all.o)
 .debug_macro   0x00000000000048e3       0x91 ../../libopencm3/lib/libopencm3_stm32f1.a(usart_common_all.o)
 .debug_macro   0x0000000000004974       0x91 ../../libopencm3/lib/libopencm3_stm32f1.a(usart_common_f124.o)
 .debug_macro   0x0000000000004a05       0x86 ../../libopencm3/lib/libopencm3_stm32f1.a(vector.o)
 .debug_macro   0x0000000000004a8b      0x395 ../../libopencm3/lib/libopencm3_stm32f1.a(vector.o)
 .debug_macro   0x0000000000004e20       0x49 ../../libopencm3/lib/libopencm3_stm32f1.a(systick.o)
 .debug_macro   0x0000000000004e69       0x6a ../../libopencm3/lib/libopencm3_stm32f1.a(nvic.o)
 .debug_macro   0x0000000000004ed3      0x39b ../../libopencm3/lib/libopencm3_stm32f1.a(nvic.o)
 .debug_macro   0x000000000000526e       0x77 ../../libopencm3/lib/libopencm3_stm32f1.a(flash_common_all.o)

.debug_line     0x0000000000000000     0x3f19
 .debug_line    0x0000000000000000      0x3ab src/bootloader.o
 .debug_line    0x00000000000003ab      0x4a4 src/comms.o
 .debug_line    0x000000000000084f      0x450 ../shared/src/core/system.o
 .debug_line    0x0000000000000c9f      0x2cc ../shared/src/core/simple-timer.o
 .debug_line    0x0000000000000f6b      0x275 ../shared/src/core/crc8.o
 .debug_line    0x00000000000011e0      0x527 ../shared/src/core/uart.o
 .debug_line    0x0000000000001707      0x2e6 ../shared/src/core/ring_buffer.o
 .debug_line    0x00000000000019ed      0x271 ../../libopencm3/lib/libopencm3_stm32f1.a(gpio.o)
 .debug_line    0x0000000000001c5e      0xc2d ../../libopencm3/lib/libopencm3_stm32f1.a(rcc.o)
 .debug_line    0x000000000000288b      0x2da ../../libopencm3/lib/libopencm3_stm32f1.a(rcc_common_all.o)
 .debug_line    0x0000000000002b65      0x545 ../../libopencm3/lib/libopencm3_stm32f1.a(usart_common_all.o)
 .debug_line    0x00000000000030aa      0x270 ../../libopencm3/lib/libopencm3_stm32f1.a(usart_common_f124.o)
 .debug_line    0x000000000000331a      0x306 ../../libopencm3/lib/libopencm3_stm32f1.a(vector.o)
 .debug_line    0x0000000000003620      0x271 ../../libopencm3/lib/libopencm3_stm32f1.a(systick.o)
 .debug_line    0x0000000000003891      0x29d ../../libopencm3/lib/libopencm3_stm32f1.a(nvic.o)
 .debug_line    0x0000000000003b2e      0x22c ../../libopencm3/lib/libopencm3_stm32f1.a(flash_common_all.o)
 .debug_line    0x0000000000003d5a      0x1bf /usr/lib/gcc/arm-none-eabi/10.3.1/../../../arm-none-eabi/lib/thumb/v7-m/nofp/libc.a(lib_a-memset.o)

.debug_str      0x0000000000000000    0x13302
 .debug_str     0x0000000000000000     0xde92 src/bootloader.o
                                       0xe0e4 (size before relaxing)
 .debug_str     0x000000000000de92      0x214 src/comms.o
                                       0x6fb5 (size before relaxing)
 .debug_str     0x000000000000e0a6      0xc69 ../shared/src/core/system.o
                                       0xb0bc (size before relaxing)
 .debug_str     0x000000000000ed0f       0x35 ../shared/src/core/simple-timer.o
                                       0x6d9c (size before relaxing)
 .debug_str     0x000000000000ed44       0x1a ../shared/src/core/crc8.o
                                       0x6cdb (size before relaxing)
 .debug_str     0x000000000000ed5e     0x1157 ../shared/src/core/uart.o
                                       0xc093 (size before relaxing)
 .debug_str     0x000000000000feb5       0x55 ../shared/src/core/ring_buffer.o
                                       0x6d96 (size before relaxing)
 .debug_str     0x000000000000ff0a      0x184 ../../libopencm3/lib/libopencm3_stm32f1.a(gpio.o)
                                       0x8162 (size before relaxing)
 .debug_str     0x000000000001008e      0xd43 ../../libopencm3/lib/libopencm3_stm32f1.a(rcc.o)
                                       0x7dc2 (size before relaxing)
 .debug_str     0x0000000000010dd1      0x379 ../../libopencm3/lib/libopencm3_stm32f1.a(rcc_common_all.o)
                                       0x74c5 (size before relaxing)
 .debug_str     0x000000000001114a      0x21b ../../libopencm3/lib/libopencm3_stm32f1.a(usart_common_all.o)
                                       0x8118 (size before relaxing)
 .debug_str     0x0000000000011365       0x1e ../../libopencm3/lib/libopencm3_stm32f1.a(usart_common_f124.o)
                                       0x7e84 (size before relaxing)
 .debug_str     0x0000000000011383     0x1c7c ../../libopencm3/lib/libopencm3_stm32f1.a(vector.o)
                                       0x61b1 (size before relaxing)
 .debug_str     0x0000000000012fff       0xd2 ../../libopencm3/lib/libopencm3_stm32f1.a(systick.o)
                                       0x4082 (size before relaxing)
 .debug_str     0x00000000000130d1       0xc4 ../../libopencm3/lib/libopencm3_stm32f1.a(nvic.o)
                                       0x577e (size before relaxing)
 .debug_str     0x0000000000013195       0x64 ../../libopencm3/lib/libopencm3_stm32f1.a(flash_common_all.o)
                                       0x50b0 (size before relaxing)
 .debug_str     0x00000000000131f9      0x109 /usr/lib/gcc/arm-none-eabi/10.3.1/../../../arm-none-eabi/lib/thumb/v7-m/nofp/libc.a(lib_a-memset.o)
                                        0x1b3 (size before relaxing)

.comment        0x0000000000000000       0x33
 .comment       0x0000000000000000       0x33 src/bootloader.o
                                         0x34 (size before relaxing)
 .comment       0x0000000000000033       0x34 src/comms.o
 .comment       0x0000000000000033       0x34 ../shared/src/core/system.o
 .comment       0x0000000000000033       0x34 ../shared/src/core/simple-timer.o
 .comment       0x0000000000000033       0x34 ../shared/src/core/crc8.o
 .comment       0x0000000000000033       0x34 ../shared/src/core/uart.o
 .comment       0x0000000000000033       0x34 ../shared/src/core/ring_buffer.o
 .comment       0x0000000000000033       0x34 ../../libopencm3/lib/libopencm3_stm32f1.a(gpio.o)
 .comment       0x0000000000000033       0x34 ../../libopencm3/lib/libopencm3_stm32f1.a(rcc.o)
 .comment       0x0000000000000033       0x34 ../../libopencm3/lib/libopencm3_stm32f1.a(rcc_common_all.o)
 .comment       0x0000000000000033       0x34 ../../libopencm3/lib/libopencm3_stm32f1.a(usart_common_all.o)
 .comment       0x0000000000000033       0x34 ../../libopencm3/lib/libopencm3_stm32f1.a(usart_common_f124.o)
 .comment       0x0000000000000033       0x34 ../../libopencm3/lib/libopencm3_stm32f1.a(vector.o)
 .comment       0x0000000000000033       0x34 ../../libopencm3/lib/libopencm3_stm32f1.a(systick.o)
 .comment       0x0000000000000033       0x34 ../../libopencm3/lib/libopencm3_stm32f1.a(nvic.o)
 .comment       0x0000000000000033       0x34 ../../libopencm3/lib/libopencm3_stm32f1.a(flash_common_all.o)
 .comment       0x0000000000000033       0x34 /usr/lib/gcc/arm-none-eabi/10.3.1/../../../arm-none-eabi/lib/thumb/v7-m/nofp/libc.a(lib_a-memset.o)

.ARM.attributes
                0x0000000000000000       0x2d
 .ARM.attributes
                0x0000000000000000       0x2d src/bootloader.o
 .ARM.attributes
                0x000000000000002d       0x2d src/comms.o
 .ARM.attributes
                0x000000000000005a       0x2d ../shared/src/core/system.o
 .ARM.attributes
                0x0000000000000087       0x2d ../shared/src/core/simple-timer.o
 .ARM.attributes
                0x00000000000000b4       0x2d ../shared/src/core/crc8.o
 .ARM.attributes
                0x00000000000000e1       0x2d ../shared/src/core/uart.o
 .ARM.attributes
                0x000000000000010e       0x2d ../shared/src/core/ring_buffer.o
 .ARM.attributes
                0x000000000000013b       0x2d ../../libopencm3/lib/libopencm3_stm32f1.a(gpio.o)
 .ARM.attributes
                0x0000000000000168       0x2d ../../libopencm3/lib/libopencm3_stm32f1.a(rcc.o)
 .ARM.attributes
                0x0000000000000195       0x2d ../../libopencm3/lib/libopencm3_stm32f1.a(rcc_common_all.o)
 .ARM.attributes
                0x00000000000001c2       0x2d ../../libopencm3/lib/libopencm3_stm32f1.a(usart_common_all.o)
 .ARM.attributes
                0x00000000000001ef       0x2d ../../libopencm3/lib/libopencm3_stm32f1.a(usart_common_f124.o)
 .ARM.attributes
                0x000000000000021c       0x2d ../../libopencm3/lib/libopencm3_stm32f1.a(vector.o)
 .ARM.attributes
                0x0000000000000249       0x2d ../../libopencm3/lib/libopencm3_stm32f1.a(systick.o)
 .ARM.attributes
                0x0000000000000276       0x2d ../../libopencm3/lib/libopencm3_stm32f1.a(nvic.o)
 .ARM.attributes
                0x00000000000002a3       0x2d ../../libopencm3/lib/libopencm3_stm32f1.a(flash_common_all.o)
 .ARM.attributes
                0x00000000000002d0       0x2d /usr/lib/gcc/arm-none-eabi/10.3.1/../../../arm-none-eabi/lib/thumb/v7-m/nofp/libc.a(lib_a-memset.o)

.debug_frame    0x0000000000000000      0xbe4
 .debug_frame   0x0000000000000000       0x28 src/bootloader.o
 .debug_frame   0x0000000000000028       0xc0 src/comms.o
 .debug_frame   0x00000000000000e8       0x74 ../shared/src/core/system.o
 .debug_frame   0x000000000000015c       0x64 ../shared/src/core/simple-timer.o
 .debug_frame   0x00000000000001c0       0x20 ../shared/src/core/crc8.o
 .debug_frame   0x00000000000001e0       0xc8 ../shared/src/core/uart.o
 .debug_frame   0x00000000000002a8       0x58 ../shared/src/core/ring_buffer.o
 .debug_frame   0x0000000000000300       0x60 ../../libopencm3/lib/libopencm3_stm32f1.a(gpio.o)
 .debug_frame   0x0000000000000360      0x318 ../../libopencm3/lib/libopencm3_stm32f1.a(rcc.o)
 .debug_frame   0x0000000000000678       0xe0 ../../libopencm3/lib/libopencm3_stm32f1.a(rcc_common_all.o)
 .debug_frame   0x0000000000000758      0x1ec ../../libopencm3/lib/libopencm3_stm32f1.a(usart_common_all.o)
 .debug_frame   0x0000000000000944       0x60 ../../libopencm3/lib/libopencm3_stm32f1.a(usart_common_f124.o)
 .debug_frame   0x00000000000009a4       0x4c ../../libopencm3/lib/libopencm3_stm32f1.a(vector.o)
 .debug_frame   0x00000000000009f0       0xd8 ../../libopencm3/lib/libopencm3_stm32f1.a(systick.o)
 .debug_frame   0x0000000000000ac8       0xa0 ../../libopencm3/lib/libopencm3_stm32f1.a(nvic.o)
 .debug_frame   0x0000000000000b68       0x50 ../../libopencm3/lib/libopencm3_stm32f1.a(flash_common_all.o)
 .debug_frame   0x0000000000000bb8       0x2c /usr/lib/gcc/arm-none-eabi/10.3.1/../../../arm-none-eabi/lib/thumb/v7-m/nofp/libc.a(lib_a-memset.o)

.debug_loc      0x0000000000000000     0x14d2
 .debug_loc     0x0000000000000000      0x1bd src/comms.o
 .debug_loc     0x00000000000001bd       0x1a ../shared/src/core/system.o
 .debug_loc     0x00000000000001d7       0xc1 ../shared/src/core/simple-timer.o
 .debug_loc     0x0000000000000298       0xde ../shared/src/core/crc8.o
 .debug_loc     0x0000000000000376      0x16a ../shared/src/core/uart.o
 .debug_loc     0x00000000000004e0      0x129 ../shared/src/core/ring_buffer.o
 .debug_loc     0x0000000000000609      0x14c ../../libopencm3/lib/libopencm3_stm32f1.a(gpio.o)
 .debug_loc     0x0000000000000755      0x3d0 ../../libopencm3/lib/libopencm3_stm32f1.a(rcc.o)
 .debug_loc     0x0000000000000b25       0x94 ../../libopencm3/lib/libopencm3_stm32f1.a(rcc_common_all.o)
 .debug_loc     0x0000000000000bb9      0x238 ../../libopencm3/lib/libopencm3_stm32f1.a(usart_common_all.o)
 .debug_loc     0x0000000000000df1       0x99 ../../libopencm3/lib/libopencm3_stm32f1.a(usart_common_f124.o)
 .debug_loc     0x0000000000000e8a      0x128 ../../libopencm3/lib/libopencm3_stm32f1.a(vector.o)
 .debug_loc     0x0000000000000fb2      0x192 ../../libopencm3/lib/libopencm3_stm32f1.a(systick.o)
 .debug_loc     0x0000000000001144      0x14d ../../libopencm3/lib/libopencm3_stm32f1.a(nvic.o)
 .debug_loc     0x0000000000001291       0x15 ../../libopencm3/lib/libopencm3_stm32f1.a(flash_common_all.o)
 .debug_loc     0x00000000000012a6      0x22c /usr/lib/gcc/arm-none-eabi/10.3.1/../../../arm-none-eabi/lib/thumb/v7-m/nofp/libc.a(lib_a-memset.o)

Cross Reference Table

Symbol                                            File
__fini_array_end                                  ../../libopencm3/lib/libopencm3_stm32f1.a(vector.o)
__fini_array_start                                ../../libopencm3/lib/libopencm3_stm32f1.a(vector.o)
__init_array_end                                  ../../libopencm3/lib/libopencm3_stm32f1.a(vector.o)
__init_array_start                                ../../libopencm3/lib/libopencm3_stm32f1.a(vector.o)
__preinit_array_end                               ../../libopencm3/lib/libopencm3_stm32f1.a(vector.o)
__preinit_array_start                             ../../libopencm3/lib/libopencm3_stm32f1.a(vector.o)
_data                                             ../../libopencm3/lib/libopencm3_stm32f1.a(vector.o)
_data_loadaddr                                    ../../libopencm3/lib/libopencm3_stm32f1.a(vector.o)
_ebss                                             ../../libopencm3/lib/libopencm3_stm32f1.a(vector.o)
_edata                                            ../../libopencm3/lib/libopencm3_stm32f1.a(vector.o)
_stack                                            ../../libopencm3/lib/libopencm3_stm32f1.a(vector.o)
adc1_2_isr                                        ../../libopencm3/lib/libopencm3_stm32f1.a(vector.o)
adc3_isr                                          ../../libopencm3/lib/libopencm3_stm32f1.a(vector.o)
bl_flash_erase_main_application                   src/bl-flash.o
bl_flash_write                                    src/bl-flash.o
blocking_handler                                  ../../libopencm3/lib/libopencm3_stm32f1.a(vector.o)
bus_fault_handler                                 ../../libopencm3/lib/libopencm3_stm32f1.a(vector.o)
can2_rx0_isr                                      ../../libopencm3/lib/libopencm3_stm32f1.a(vector.o)
can2_rx1_isr                                      ../../libopencm3/lib/libopencm3_stm32f1.a(vector.o)
can2_sce_isr                                      ../../libopencm3/lib/libopencm3_stm32f1.a(vector.o)
can2_tx_isr                                       ../../libopencm3/lib/libopencm3_stm32f1.a(vector.o)
can_rx1_isr                                       ../../libopencm3/lib/libopencm3_stm32f1.a(vector.o)
can_sce_isr                                       ../../libopencm3/lib/libopencm3_stm32f1.a(vector.o)
cm3_assert_failed                                 ../../libopencm3/lib/libopencm3_stm32f1.a(assert.o)
                                                  ../../libopencm3/lib/libopencm3_stm32f1.a(rcc.o)
cm3_assert_failed_verbose                         ../../libopencm3/lib/libopencm3_stm32f1.a(assert.o)
comms_packets_availabe                            src/comms.o
comms_read                                        src/comms.o
comms_setup                                       src/comms.o
                                                  src/bootloader.o
comms_update                                      src/comms.o
comms_write                                       src/comms.o
crc8                                              ../shared/src/core/crc8.o
                                                  src/comms.o
debug_monitor_handler                             ../../libopencm3/lib/libopencm3_stm32f1.a(vector.o)
desig_get_flash_size                              ../../libopencm3/lib/libopencm3_stm32f1.a(desig_common_v1.o)
                                                  ../../libopencm3/lib/libopencm3_stm32f1.a(flash.o)
desig_get_unique_id                               ../../libopencm3/lib/libopencm3_stm32f1.a(desig_common_v1.o)
dma1_channel1_isr                                 ../../libopencm3/lib/libopencm3_stm32f1.a(vector.o)
dma1_channel2_isr                                 ../../libopencm3/lib/libopencm3_stm32f1.a(vector.o)
dma1_channel3_isr                                 ../../libopencm3/lib/libopencm3_stm32f1.a(vector.o)
dma1_channel4_isr                                 ../../libopencm3/lib/libopencm3_stm32f1.a(vector.o)
dma1_channel5_isr                                 ../../libopencm3/lib/libopencm3_stm32f1.a(vector.o)
dma1_channel6_isr                                 ../../libopencm3/lib/libopencm3_stm32f1.a(vector.o)
dma1_channel7_isr                                 ../../libopencm3/lib/libopencm3_stm32f1.a(vector.o)
dma2_channel1_isr                                 ../../libopencm3/lib/libopencm3_stm32f1.a(vector.o)
dma2_channel2_isr                                 ../../libopencm3/lib/libopencm3_stm32f1.a(vector.o)
dma2_channel3_isr                                 ../../libopencm3/lib/libopencm3_stm32f1.a(vector.o)
dma2_channel4_5_isr                               ../../libopencm3/lib/libopencm3_stm32f1.a(vector.o)
dma2_channel5_isr                                 ../../libopencm3/lib/libopencm3_stm32f1.a(vector.o)
eth_isr                                           ../../libopencm3/lib/libopencm3_stm32f1.a(vector.o)
eth_wkup_isr                                      ../../libopencm3/lib/libopencm3_stm32f1.a(vector.o)
exti0_isr                                         ../../libopencm3/lib/libopencm3_stm32f1.a(vector.o)
exti15_10_isr                                     ../../libopencm3/lib/libopencm3_stm32f1.a(vector.o)
exti1_isr                                         ../../libopencm3/lib/libopencm3_stm32f1.a(vector.o)
exti2_isr                                         ../../libopencm3/lib/libopencm3_stm32f1.a(vector.o)
exti3_isr                                         ../../libopencm3/lib/libopencm3_stm32f1.a(vector.o)
exti4_isr                                         ../../libopencm3/lib/libopencm3_stm32f1.a(vector.o)
exti9_5_isr                                       ../../libopencm3/lib/libopencm3_stm32f1.a(vector.o)
flash_clear_eop_flag                              ../../libopencm3/lib/libopencm3_stm32f1.a(flash_common_f.o)
                                                  ../../libopencm3/lib/libopencm3_stm32f1.a(flash.o)
flash_clear_eop_flag_upper                        ../../libopencm3/lib/libopencm3_stm32f1.a(flash.o)
flash_clear_pgerr_flag                            ../../libopencm3/lib/libopencm3_stm32f1.a(flash_common_f01.o)
                                                  ../../libopencm3/lib/libopencm3_stm32f1.a(flash.o)
flash_clear_pgerr_flag_upper                      ../../libopencm3/lib/libopencm3_stm32f1.a(flash.o)
flash_clear_status_flags                          ../../libopencm3/lib/libopencm3_stm32f1.a(flash.o)
flash_clear_wrprterr_flag                         ../../libopencm3/lib/libopencm3_stm32f1.a(flash_common_f01.o)
                                                  ../../libopencm3/lib/libopencm3_stm32f1.a(flash.o)
flash_clear_wrprterr_flag_upper                   ../../libopencm3/lib/libopencm3_stm32f1.a(flash.o)
flash_erase_all_pages                             ../../libopencm3/lib/libopencm3_stm32f1.a(flash.o)
flash_erase_option_bytes                          ../../libopencm3/lib/libopencm3_stm32f1.a(flash_common_f01.o)
flash_erase_page                                  ../../libopencm3/lib/libopencm3_stm32f1.a(flash.o)
                                                  src/bl-flash.o
flash_get_status_flags                            ../../libopencm3/lib/libopencm3_stm32f1.a(flash.o)
                                                  ../../libopencm3/lib/libopencm3_stm32f1.a(flash_common_f01.o)
flash_halfcycle_disable                           ../../libopencm3/lib/libopencm3_stm32f1.a(flash.o)
flash_halfcycle_enable                            ../../libopencm3/lib/libopencm3_stm32f1.a(flash.o)
flash_isr                                         ../../libopencm3/lib/libopencm3_stm32f1.a(vector.o)
flash_lock                                        ../../libopencm3/lib/libopencm3_stm32f1.a(flash_common_f.o)
                                                  src/bl-flash.o
flash_lock_upper                                  ../../libopencm3/lib/libopencm3_stm32f1.a(flash.o)
flash_prefetch_disable                            ../../libopencm3/lib/libopencm3_stm32f1.a(flash_common_all.o)
flash_prefetch_enable                             ../../libopencm3/lib/libopencm3_stm32f1.a(flash_common_all.o)
flash_program_half_word                           ../../libopencm3/lib/libopencm3_stm32f1.a(flash.o)
                                                  ../../libopencm3/lib/libopencm3_stm32f1.a(flash_common_f01.o)
                                                  src/bl-flash.o
flash_program_option_bytes                        ../../libopencm3/lib/libopencm3_stm32f1.a(flash_common_f01.o)
flash_program_word                                ../../libopencm3/lib/libopencm3_stm32f1.a(flash_common_f01.o)
flash_set_ws                                      ../../libopencm3/lib/libopencm3_stm32f1.a(flash_common_all.o)
                                                  ../../libopencm3/lib/libopencm3_stm32f1.a(rcc.o)
flash_unlock                                      ../../libopencm3/lib/libopencm3_stm32f1.a(flash_common_f.o)
                                                  src/bl-flash.o
flash_unlock_option_bytes                         ../../libopencm3/lib/libopencm3_stm32f1.a(flash_common_all.o)
                                                  ../../libopencm3/lib/libopencm3_stm32f1.a(flash_common_f01.o)
flash_unlock_upper                                ../../libopencm3/lib/libopencm3_stm32f1.a(flash.o)
flash_wait_for_last_operation                     ../../libopencm3/lib/libopencm3_stm32f1.a(flash_common_f01.o)
                                                  ../../libopencm3/lib/libopencm3_stm32f1.a(flash.o)
fsmc_isr                                          ../../libopencm3/lib/libopencm3_stm32f1.a(vector.o)
gpio_primary_remap                                ../../libopencm3/lib/libopencm3_stm32f1.a(gpio.o)
gpio_secondary_remap                              ../../libopencm3/lib/libopencm3_stm32f1.a(gpio.o)
gpio_set_eventout                                 ../../libopencm3/lib/libopencm3_stm32f1.a(gpio.o)
gpio_set_mode                                     ../../libopencm3/lib/libopencm3_stm32f1.a(gpio.o)
                                                  src/bootloader.o
hard_fault_handler                                ../../libopencm3/lib/libopencm3_stm32f1.a(vector.o)
i2c1_er_isr                                       ../../libopencm3/lib/libopencm3_stm32f1.a(vector.o)
i2c1_ev_isr                                       ../../libopencm3/lib/libopencm3_stm32f1.a(vector.o)
i2c2_er_isr                                       ../../libopencm3/lib/libopencm3_stm32f1.a(vector.o)
i2c2_ev_isr                                       ../../libopencm3/lib/libopencm3_stm32f1.a(vector.o)
main                                              src/bootloader.o
                                                  ../../libopencm3/lib/libopencm3_stm32f1.a(vector.o)
mem_manage_handler                                ../../libopencm3/lib/libopencm3_stm32f1.a(vector.o)
memmove                                           /usr/lib/gcc/arm-none-eabi/10.3.1/../../../arm-none-eabi/lib/thumb/v7-m/nofp/libc.a(lib_a-memmove.o)
                                                  src/comms.o
memset                                            /usr/lib/gcc/arm-none-eabi/10.3.1/../../../arm-none-eabi/lib/thumb/v7-m/nofp/libc.a(lib_a-memset.o)
                                                  src/comms.o
nmi_handler                                       ../../libopencm3/lib/libopencm3_stm32f1.a(vector.o)
null_handler                                      ../../libopencm3/lib/libopencm3_stm32f1.a(vector.o)
nvic_clear_pending_irq                            ../../libopencm3/lib/libopencm3_stm32f1.a(nvic.o)
nvic_disable_irq                                  ../../libopencm3/lib/libopencm3_stm32f1.a(nvic.o)
nvic_enable_irq                                   ../../libopencm3/lib/libopencm3_stm32f1.a(nvic.o)
                                                  ../shared/src/core/uart.o
nvic_generate_software_interrupt                  ../../libopencm3/lib/libopencm3_stm32f1.a(nvic.o)
nvic_get_active_irq                               ../../libopencm3/lib/libopencm3_stm32f1.a(nvic.o)
nvic_get_irq_enabled                              ../../libopencm3/lib/libopencm3_stm32f1.a(nvic.o)
nvic_get_pending_irq                              ../../libopencm3/lib/libopencm3_stm32f1.a(nvic.o)
nvic_set_pending_irq                              ../../libopencm3/lib/libopencm3_stm32f1.a(nvic.o)
nvic_set_priority                                 ../../libopencm3/lib/libopencm3_stm32f1.a(nvic.o)
otg_fs_isr                                        ../../libopencm3/lib/libopencm3_stm32f1.a(vector.o)
pend_sv_handler                                   ../../libopencm3/lib/libopencm3_stm32f1.a(vector.o)
pvd_isr                                           ../../libopencm3/lib/libopencm3_stm32f1.a(vector.o)
rcc_ahb_frequency                                 ../../libopencm3/lib/libopencm3_stm32f1.a(rcc.o)
rcc_apb1_frequency                                ../../libopencm3/lib/libopencm3_stm32f1.a(rcc.o)
rcc_apb2_frequency                                ../../libopencm3/lib/libopencm3_stm32f1.a(rcc.o)
rcc_backupdomain_reset                            ../../libopencm3/lib/libopencm3_stm32f1.a(rcc.o)
rcc_clock_setup_in_hse_12mhz_out_72mhz            ../../libopencm3/lib/libopencm3_stm32f1.a(rcc.o)
rcc_clock_setup_in_hse_16mhz_out_72mhz            ../../libopencm3/lib/libopencm3_stm32f1.a(rcc.o)
rcc_clock_setup_in_hse_25mhz_out_72mhz            ../../libopencm3/lib/libopencm3_stm32f1.a(rcc.o)
rcc_clock_setup_in_hse_8mhz_out_24mhz             ../../libopencm3/lib/libopencm3_stm32f1.a(rcc.o)
rcc_clock_setup_in_hse_8mhz_out_72mhz             ../../libopencm3/lib/libopencm3_stm32f1.a(rcc.o)
rcc_clock_setup_in_hsi_out_24mhz                  ../../libopencm3/lib/libopencm3_stm32f1.a(rcc.o)
rcc_clock_setup_in_hsi_out_48mhz                  ../../libopencm3/lib/libopencm3_stm32f1.a(rcc.o)
rcc_clock_setup_in_hsi_out_64mhz                  ../../libopencm3/lib/libopencm3_stm32f1.a(rcc.o)
rcc_clock_setup_pll                               ../../libopencm3/lib/libopencm3_stm32f1.a(rcc.o)
                                                  ../shared/src/core/system.o
rcc_css_disable                                   ../../libopencm3/lib/libopencm3_stm32f1.a(rcc.o)
rcc_css_enable                                    ../../libopencm3/lib/libopencm3_stm32f1.a(rcc.o)
rcc_css_int_clear                                 ../../libopencm3/lib/libopencm3_stm32f1.a(rcc.o)
rcc_css_int_flag                                  ../../libopencm3/lib/libopencm3_stm32f1.a(rcc.o)
rcc_enable_rtc_clock                              ../../libopencm3/lib/libopencm3_stm32f1.a(rcc.o)
rcc_get_div_from_hpre                             ../../libopencm3/lib/libopencm3_stm32f1.a(rcc_common_all.o)
rcc_get_i2c_clk_freq                              ../../libopencm3/lib/libopencm3_stm32f1.a(rcc.o)
rcc_get_timer_clk_freq                            ../../libopencm3/lib/libopencm3_stm32f1.a(rcc.o)
rcc_get_usart_clk_freq                            ../../libopencm3/lib/libopencm3_stm32f1.a(rcc.o)
                                                  ../../libopencm3/lib/libopencm3_stm32f1.a(usart_common_all.o)
rcc_hse_configs                                   ../../libopencm3/lib/libopencm3_stm32f1.a(rcc.o)
                                                  ../shared/src/core/system.o
rcc_hsi_configs                                   ../../libopencm3/lib/libopencm3_stm32f1.a(rcc.o)
rcc_is_osc_ready                                  ../../libopencm3/lib/libopencm3_stm32f1.a(rcc.o)
rcc_isr                                           ../../libopencm3/lib/libopencm3_stm32f1.a(vector.o)
rcc_osc_bypass_disable                            ../../libopencm3/lib/libopencm3_stm32f1.a(rcc_common_all.o)
rcc_osc_bypass_enable                             ../../libopencm3/lib/libopencm3_stm32f1.a(rcc_common_all.o)
rcc_osc_off                                       ../../libopencm3/lib/libopencm3_stm32f1.a(rcc.o)
rcc_osc_on                                        ../../libopencm3/lib/libopencm3_stm32f1.a(rcc.o)
rcc_osc_ready_int_clear                           ../../libopencm3/lib/libopencm3_stm32f1.a(rcc.o)
rcc_osc_ready_int_disable                         ../../libopencm3/lib/libopencm3_stm32f1.a(rcc.o)
rcc_osc_ready_int_enable                          ../../libopencm3/lib/libopencm3_stm32f1.a(rcc.o)
rcc_osc_ready_int_flag                            ../../libopencm3/lib/libopencm3_stm32f1.a(rcc.o)
rcc_periph_clock_disable                          ../../libopencm3/lib/libopencm3_stm32f1.a(rcc_common_all.o)
rcc_periph_clock_enable                           ../../libopencm3/lib/libopencm3_stm32f1.a(rcc_common_all.o)
                                                  ../shared/src/core/uart.o
                                                  src/bootloader.o
rcc_periph_reset_hold                             ../../libopencm3/lib/libopencm3_stm32f1.a(rcc_common_all.o)
rcc_periph_reset_pulse                            ../../libopencm3/lib/libopencm3_stm32f1.a(rcc_common_all.o)
rcc_periph_reset_release                          ../../libopencm3/lib/libopencm3_stm32f1.a(rcc_common_all.o)
rcc_peripheral_clear_reset                        ../../libopencm3/lib/libopencm3_stm32f1.a(rcc_common_all.o)
rcc_peripheral_disable_clock                      ../../libopencm3/lib/libopencm3_stm32f1.a(rcc_common_all.o)
rcc_peripheral_enable_clock                       ../../libopencm3/lib/libopencm3_stm32f1.a(rcc_common_all.o)
rcc_peripheral_reset                              ../../libopencm3/lib/libopencm3_stm32f1.a(rcc_common_all.o)
rcc_rtc_clock_enabled_flag                        ../../libopencm3/lib/libopencm3_stm32f1.a(rcc.o)
rcc_set_adcpre                                    ../../libopencm3/lib/libopencm3_stm32f1.a(rcc.o)
rcc_set_hpre                                      ../../libopencm3/lib/libopencm3_stm32f1.a(rcc.o)
rcc_set_mco                                       ../../libopencm3/lib/libopencm3_stm32f1.a(rcc_common_all.o)
rcc_set_pll2_multiplication_factor                ../../libopencm3/lib/libopencm3_stm32f1.a(rcc.o)
rcc_set_pll3_multiplication_factor                ../../libopencm3/lib/libopencm3_stm32f1.a(rcc.o)
rcc_set_pll_multiplication_factor                 ../../libopencm3/lib/libopencm3_stm32f1.a(rcc.o)
rcc_set_pll_source                                ../../libopencm3/lib/libopencm3_stm32f1.a(rcc.o)
rcc_set_pllxtpre                                  ../../libopencm3/lib/libopencm3_stm32f1.a(rcc.o)
rcc_set_ppre1                                     ../../libopencm3/lib/libopencm3_stm32f1.a(rcc.o)
rcc_set_ppre2                                     ../../libopencm3/lib/libopencm3_stm32f1.a(rcc.o)
rcc_set_prediv1                                   ../../libopencm3/lib/libopencm3_stm32f1.a(rcc.o)
rcc_set_prediv1_source                            ../../libopencm3/lib/libopencm3_stm32f1.a(rcc.o)
rcc_set_prediv2                                   ../../libopencm3/lib/libopencm3_stm32f1.a(rcc.o)
rcc_set_rtc_clock_source                          ../../libopencm3/lib/libopencm3_stm32f1.a(rcc.o)
rcc_set_sysclk_source                             ../../libopencm3/lib/libopencm3_stm32f1.a(rcc.o)
rcc_set_usbpre                                    ../../libopencm3/lib/libopencm3_stm32f1.a(rcc.o)
rcc_system_clock_source                           ../../libopencm3/lib/libopencm3_stm32f1.a(rcc.o)
rcc_wait_for_osc_ready                            ../../libopencm3/lib/libopencm3_stm32f1.a(rcc.o)
reset_handler                                     ../../libopencm3/lib/libopencm3_stm32f1.a(vector.o)
ring_buffer_empty                                 ../shared/src/core/ring_buffer.o
                                                  ../shared/src/core/uart.o
ring_buffer_read                                  ../shared/src/core/ring_buffer.o
                                                  ../shared/src/core/uart.o
ring_buffer_setup                                 ../shared/src/core/ring_buffer.o
                                                  ../shared/src/core/uart.o
ring_buffer_write                                 ../shared/src/core/ring_buffer.o
                                                  ../shared/src/core/uart.o
rtc_alarm_isr                                     ../../libopencm3/lib/libopencm3_stm32f1.a(vector.o)
rtc_isr                                           ../../libopencm3/lib/libopencm3_stm32f1.a(vector.o)
sdio_isr                                          ../../libopencm3/lib/libopencm3_stm32f1.a(vector.o)
simple_timer_has_elapsed                          ../shared/src/core/simple-timer.o
                                                  src/bootloader.o
simple_timer_reset                                ../shared/src/core/simple-timer.o
simple_timer_setup                                ../shared/src/core/simple-timer.o
                                                  src/bootloader.o
spi1_isr                                          ../../libopencm3/lib/libopencm3_stm32f1.a(vector.o)
spi2_isr                                          ../../libopencm3/lib/libopencm3_stm32f1.a(vector.o)
spi3_isr                                          ../../libopencm3/lib/libopencm3_stm32f1.a(vector.o)
sv_call_handler                                   ../../libopencm3/lib/libopencm3_stm32f1.a(vector.o)
sys_tick_handler                                  ../shared/src/core/system.o
system_delay_ms                                   ../shared/src/core/system.o
                                                  src/bootloader.o
system_get_ticks                                  ../shared/src/core/system.o
                                                  ../shared/src/core/simple-timer.o
system_setup                                      ../shared/src/core/system.o
                                                  src/bootloader.o
systick_clear                                     ../../libopencm3/lib/libopencm3_stm32f1.a(systick.o)
systick_counter_disable                           ../../libopencm3/lib/libopencm3_stm32f1.a(systick.o)
systick_counter_enable                            ../../libopencm3/lib/libopencm3_stm32f1.a(systick.o)
                                                  ../shared/src/core/system.o
systick_get_calib                                 ../../libopencm3/lib/libopencm3_stm32f1.a(systick.o)
systick_get_countflag                             ../../libopencm3/lib/libopencm3_stm32f1.a(systick.o)
systick_get_reload                                ../../libopencm3/lib/libopencm3_stm32f1.a(systick.o)
systick_get_value                                 ../../libopencm3/lib/libopencm3_stm32f1.a(systick.o)
systick_interrupt_disable                         ../../libopencm3/lib/libopencm3_stm32f1.a(systick.o)
systick_interrupt_enable                          ../../libopencm3/lib/libopencm3_stm32f1.a(systick.o)
                                                  ../shared/src/core/system.o
systick_set_clocksource                           ../../libopencm3/lib/libopencm3_stm32f1.a(systick.o)
systick_set_frequency                             ../../libopencm3/lib/libopencm3_stm32f1.a(systick.o)
                                                  ../shared/src/core/system.o
systick_set_reload                                ../../libopencm3/lib/libopencm3_stm32f1.a(systick.o)
tamper_isr                                        ../../libopencm3/lib/libopencm3_stm32f1.a(vector.o)
tim1_brk_isr                                      ../../libopencm3/lib/libopencm3_stm32f1.a(vector.o)
tim1_cc_isr                                       ../../libopencm3/lib/libopencm3_stm32f1.a(vector.o)
tim1_trg_com_isr                                  ../../libopencm3/lib/libopencm3_stm32f1.a(vector.o)
tim1_up_isr                                       ../../libopencm3/lib/libopencm3_stm32f1.a(vector.o)
tim2_isr                                          ../../libopencm3/lib/libopencm3_stm32f1.a(vector.o)
tim3_isr                                          ../../libopencm3/lib/libopencm3_stm32f1.a(vector.o)
tim4_isr                                          ../../libopencm3/lib/libopencm3_stm32f1.a(vector.o)
tim5_isr                                          ../../libopencm3/lib/libopencm3_stm32f1.a(vector.o)
tim6_isr                                          ../../libopencm3/lib/libopencm3_stm32f1.a(vector.o)
tim7_isr                                          ../../libopencm3/lib/libopencm3_stm32f1.a(vector.o)
tim8_brk_isr                                      ../../libopencm3/lib/libopencm3_stm32f1.a(vector.o)
tim8_cc_isr                                       ../../libopencm3/lib/libopencm3_stm32f1.a(vector.o)
tim8_trg_com_isr                                  ../../libopencm3/lib/libopencm3_stm32f1.a(vector.o)
tim8_up_isr                                       ../../libopencm3/lib/libopencm3_stm32f1.a(vector.o)
uart4_isr                                         ../../libopencm3/lib/libopencm3_stm32f1.a(vector.o)
uart5_isr                                         ../../libopencm3/lib/libopencm3_stm32f1.a(vector.o)
uart_data_available                               ../shared/src/core/uart.o
uart_read                                         ../shared/src/core/uart.o
uart_read_byte                                    ../shared/src/core/uart.o
                                                  src/comms.o
uart_setup                                        ../shared/src/core/uart.o
                                                  src/bootloader.o
uart_write                                        ../shared/src/core/uart.o
                                                  src/comms.o
uart_write_byte                                   ../shared/src/core/uart.o
usage_fault_handler                               ../../libopencm3/lib/libopencm3_stm32f1.a(vector.o)
usart1_isr                                        ../../libopencm3/lib/libopencm3_stm32f1.a(vector.o)
usart2_isr                                        ../shared/src/core/uart.o
usart3_isr                                        ../../libopencm3/lib/libopencm3_stm32f1.a(vector.o)
usart_disable                                     ../../libopencm3/lib/libopencm3_stm32f1.a(usart_common_all.o)
usart_disable_error_interrupt                     ../../libopencm3/lib/libopencm3_stm32f1.a(usart_common_all.o)
usart_disable_idle_interrupt                      ../../libopencm3/lib/libopencm3_stm32f1.a(usart_common_all.o)
usart_disable_rx_dma                              ../../libopencm3/lib/libopencm3_stm32f1.a(usart_common_all.o)
usart_disable_rx_interrupt                        ../../libopencm3/lib/libopencm3_stm32f1.a(usart_common_all.o)
usart_disable_tx_complete_interrupt               ../../libopencm3/lib/libopencm3_stm32f1.a(usart_common_all.o)
usart_disable_tx_dma                              ../../libopencm3/lib/libopencm3_stm32f1.a(usart_common_all.o)
usart_disable_tx_interrupt                        ../../libopencm3/lib/libopencm3_stm32f1.a(usart_common_all.o)
usart_enable                                      ../../libopencm3/lib/libopencm3_stm32f1.a(usart_common_all.o)
                                                  ../shared/src/core/uart.o
usart_enable_error_interrupt                      ../../libopencm3/lib/libopencm3_stm32f1.a(usart_common_all.o)
usart_enable_idle_interrupt                       ../../libopencm3/lib/libopencm3_stm32f1.a(usart_common_all.o)
usart_enable_rx_dma                               ../../libopencm3/lib/libopencm3_stm32f1.a(usart_common_all.o)
usart_enable_rx_interrupt                         ../../libopencm3/lib/libopencm3_stm32f1.a(usart_common_all.o)
                                                  ../shared/src/core/uart.o
usart_enable_tx_complete_interrupt                ../../libopencm3/lib/libopencm3_stm32f1.a(usart_common_all.o)
usart_enable_tx_dma                               ../../libopencm3/lib/libopencm3_stm32f1.a(usart_common_all.o)
usart_enable_tx_interrupt                         ../../libopencm3/lib/libopencm3_stm32f1.a(usart_common_all.o)
usart_get_databits                                ../../libopencm3/lib/libopencm3_stm32f1.a(usart_common_all.o)
usart_get_flag                                    ../../libopencm3/lib/libopencm3_stm32f1.a(usart_common_f124.o)
                                                  ../shared/src/core/uart.o
usart_get_parity                                  ../../libopencm3/lib/libopencm3_stm32f1.a(usart_common_all.o)
usart_get_stopbits                                ../../libopencm3/lib/libopencm3_stm32f1.a(usart_common_all.o)
usart_recv                                        ../../libopencm3/lib/libopencm3_stm32f1.a(usart_common_f124.o)
                                                  ../../libopencm3/lib/libopencm3_stm32f1.a(usart_common_all.o)
                                                  ../shared/src/core/uart.o
usart_recv_blocking                               ../../libopencm3/lib/libopencm3_stm32f1.a(usart_common_all.o)
usart_send                                        ../../libopencm3/lib/libopencm3_stm32f1.a(usart_common_f124.o)
                                                  ../../libopencm3/lib/libopencm3_stm32f1.a(usart_common_all.o)
usart_send_blocking                               ../../libopencm3/lib/libopencm3_stm32f1.a(usart_common_all.o)
                                                  ../shared/src/core/uart.o
usart_set_baudrate                                ../../libopencm3/lib/libopencm3_stm32f1.a(usart_common_all.o)
                                                  ../shared/src/core/uart.o
usart_set_databits                                ../../libopencm3/lib/libopencm3_stm32f1.a(usart_common_all.o)
                                                  ../shared/src/core/uart.o
usart_set_flow_control                            ../../libopencm3/lib/libopencm3_stm32f1.a(usart_common_all.o)
                                                  ../shared/src/core/uart.o
usart_set_mode                                    ../../libopencm3/lib/libopencm3_stm32f1.a(usart_common_all.o)
                                                  ../shared/src/core/uart.o
usart_set_parity                                  ../../libopencm3/lib/libopencm3_stm32f1.a(usart_common_all.o)
                                                  ../shared/src/core/uart.o
usart_set_stopbits                                ../../libopencm3/lib/libopencm3_stm32f1.a(usart_common_all.o)
                                                  ../shared/src/core/uart.o
usart_wait_recv_ready                             ../../libopencm3/lib/libopencm3_stm32f1.a(usart_common_f124.o)
                                                  ../../libopencm3/lib/libopencm3_stm32f1.a(usart_common_all.o)
usart_wait_send_ready                             ../../libopencm3/lib/libopencm3_stm32f1.a(usart_common_f124.o)
                                                  ../../libopencm3/lib/libopencm3_stm32f1.a(usart_common_all.o)
usb_hp_can_tx_isr                                 ../../libopencm3/lib/libopencm3_stm32f1.a(vector.o)
usb_lp_can_rx0_isr                                ../../libopencm3/lib/libopencm3_stm32f1.a(vector.o)
usb_wakeup_isr                                    ../../libopencm3/lib/libopencm3_stm32f1.a(vector.o)
vector_table                                      ../../libopencm3/lib/libopencm3_stm32f1.a(vector.o)
wwdg_isr                                          ../../libopencm3/lib/libopencm3_stm32f1.a(vector.o)
